Component: ARM Compiler 5.06 update 6 (build 750) Tool: armlink [4d35ed]

==============================================================================

Section Cross References

    main.o(i.main) refers to leds.o(i.Init_RGB_LEDs) for Init_RGB_LEDs
    main.o(i.main) refers to uart.o(i.Init_UART0) for Init_UART0
    main.o(i.main) refers to printf5.o(i.__0printf$5) for __2printf
    main.o(i.main) refers to i2c.o(i.i2c_init) for i2c_init
    main.o(i.main) refers to mma8451.o(i.init_mma) for init_mma
    main.o(i.main) refers to leds.o(i.Control_RGB_LEDs) for Control_RGB_LEDs
    main.o(i.main) refers to delay.o(i.Delay) for Delay
    main.o(i.main) refers to profile.o(i.Init_Profiling) for Init_Profiling
    main.o(i.main) refers to mma8451.o(i.read_xyz) for read_xyz
    main.o(i.main) refers to profile.o(i.Enable_Profiling) for Enable_Profiling
    main.o(i.main) refers to mma8451.o(i.convert_xyz_to_roll_pitch) for convert_xyz_to_roll_pitch
    main.o(i.main) refers to profile.o(i.Disable_Profiling) for Disable_Profiling
    main.o(i.main) refers to profile.o(i.Sort_Profile_Regions) for Sort_Profile_Regions
    main.o(i.main) refers to profile.o(i.Serial_Print_Sorted_Profile) for Serial_Print_Sorted_Profile
    mma8451.o(i.approx_atan2f) refers to f2d.o(.text) for __aeabi_f2d
    mma8451.o(i.approx_atan2f) refers to dadd.o(.text) for __aeabi_dadd
    mma8451.o(i.approx_atan2f) refers to d2f.o(.text) for __aeabi_d2f
    mma8451.o(i.approx_atan2f) refers to cfcmple.o(.text) for __aeabi_cfcmple
    mma8451.o(i.approx_atan2f) refers to fadd.o(.text) for __aeabi_fsub
    mma8451.o(i.approx_atan2f) refers to fdiv.o(.text) for __aeabi_fdiv
    mma8451.o(i.approx_atan2f) refers to fmul.o(.text) for __aeabi_fmul
    mma8451.o(i.convert_xyz_to_roll_pitch) refers to dflti.o(.text) for __aeabi_i2d
    mma8451.o(i.convert_xyz_to_roll_pitch) refers to ddiv.o(.text) for __aeabi_ddiv
    mma8451.o(i.convert_xyz_to_roll_pitch) refers to d2f.o(.text) for __aeabi_d2f
    mma8451.o(i.convert_xyz_to_roll_pitch) refers to f2d.o(.text) for __aeabi_f2d
    mma8451.o(i.convert_xyz_to_roll_pitch) refers to atan2.o(i.atan2) for atan2
    mma8451.o(i.convert_xyz_to_roll_pitch) refers to dmul.o(.text) for __aeabi_dmul
    mma8451.o(i.convert_xyz_to_roll_pitch) refers to fmul.o(.text) for __aeabi_fmul
    mma8451.o(i.convert_xyz_to_roll_pitch) refers to fadd.o(.text) for __aeabi_fadd
    mma8451.o(i.convert_xyz_to_roll_pitch) refers to sqrt.o(i.sqrt) for sqrt
    mma8451.o(i.convert_xyz_to_roll_pitch) refers to mma8451.o(.data) for acc_X
    mma8451.o(i.init_mma) refers to i2c.o(i.i2c_read_byte) for i2c_read_byte
    mma8451.o(i.init_mma) refers to delay.o(i.Delay) for Delay
    mma8451.o(i.init_mma) refers to i2c.o(i.i2c_write_byte) for i2c_write_byte
    mma8451.o(i.read_full_xyz) refers to i2c.o(i.i2c_start) for i2c_start
    mma8451.o(i.read_full_xyz) refers to i2c.o(i.i2c_read_setup) for i2c_read_setup
    mma8451.o(i.read_full_xyz) refers to i2c.o(i.i2c_repeated_read) for i2c_repeated_read
    mma8451.o(i.read_full_xyz) refers to mma8451.o(.data) for acc_X
    mma8451.o(i.read_xyz) refers to i2c.o(i.i2c_read_byte) for i2c_read_byte
    mma8451.o(i.read_xyz) refers to mma8451.o(.data) for acc_X
    i2c.o(i.i2c_busy) refers to i2c.o(.data) for lock_detect
    i2c.o(i.i2c_read_byte) refers to i2c.o(i.i2c_wait) for i2c_wait
    i2c.o(i.i2c_read_setup) refers to i2c.o(i.i2c_wait) for i2c_wait
    i2c.o(i.i2c_repeated_read) refers to i2c.o(i.i2c_wait) for i2c_wait
    i2c.o(i.i2c_repeated_read) refers to i2c.o(.data) for lock_detect
    i2c.o(i.i2c_wait) refers to i2c.o(i.i2c_busy) for i2c_busy
    i2c.o(i.i2c_wait) refers to i2c.o(.data) for lock_detect
    i2c.o(i.i2c_write_byte) refers to i2c.o(i.i2c_wait) for i2c_wait
    uart.o(i.Get_Rx_Char) refers to queue.o(i.Q_Dequeue) for Q_Dequeue
    uart.o(i.Get_Rx_Char) refers to uart.o(.bss) for RxQ
    uart.o(i.Init_UART0) refers to dfltui.o(.text) for __aeabi_ui2d
    uart.o(i.Init_UART0) refers to ddiv.o(.text) for __aeabi_ddiv
    uart.o(i.Init_UART0) refers to dfixui.o(.text) for __aeabi_d2uiz
    uart.o(i.Rx_Chars_Available) refers to queue.o(i.Q_Size) for Q_Size
    uart.o(i.Rx_Chars_Available) refers to uart.o(.bss) for RxQ
    uart.o(i.Send_String) refers to queue.o(i.Q_Full) for Q_Full
    uart.o(i.Send_String) refers to queue.o(i.Q_Enqueue) for Q_Enqueue
    uart.o(i.Send_String) refers to queue.o(i.Q_Dequeue) for Q_Dequeue
    uart.o(i.Send_String) refers to uart.o(.bss) for TxQ
    uart.o(i.Send_String_Poll) refers to uart.o(i.UART0_Transmit_Poll) for UART0_Transmit_Poll
    uart.o(i.UART0_IRQHandler) refers to queue.o(i.Q_Full) for Q_Full
    uart.o(i.UART0_IRQHandler) refers to queue.o(i.Q_Enqueue) for Q_Enqueue
    uart.o(i.UART0_IRQHandler) refers to queue.o(i.Q_Empty) for Q_Empty
    uart.o(i.UART0_IRQHandler) refers to queue.o(i.Q_Dequeue) for Q_Dequeue
    uart.o(i.UART0_IRQHandler) refers to uart.o(.bss) for RxQ
[...]
    lcd_graphics.o(i.Graphics_Test) refers to lcd_graphics.o(i.LCD_Draw_Line) for LCD_Draw_Line
    lcd_graphics.o(i.Graphics_Test) refers to lcd_graphics.o(i.LCD_Draw_Circle) for LCD_Draw_Circle
    lcd_graphics.o(i.Graphics_Test) refers to idiv.o(.text) for __aeabi_idivmod
    lcd_graphics.o(i.LCD_Draw_Circle) refers to lcd_graphics.o(i.LCD_Draw_Line) for LCD_Draw_Line
    lcd_graphics.o(i.LCD_Draw_Circle) refers to st7789.o(i.LCD_Plot_Pixel) for LCD_Plot_Pixel
    lcd_graphics.o(i.LCD_Draw_Line) refers to st7789.o(i.LCD_Plot_Pixel) for LCD_Plot_Pixel
    lcd_graphics.o(i.LCD_Draw_Line) refers to idiv.o(.text) for __aeabi_idivmod
    lcd_text.o(i.LCD_Erase) refers to st7789.o(i.LCD_Fill_Buffer) for LCD_Fill_Buffer
    lcd_text.o(i.LCD_Erase) refers to lcd_text.o(.data) for bg
    lcd_text.o(i.LCD_Text_GetGlyphWidth) refers to lcd_text.o(.data) for font_header
    lcd_text.o(i.LCD_Text_Init) refers to lucida_12x19.o(.constdata) for Lucida_Console12x19
    lcd_text.o(i.LCD_Text_Init) refers to lcd_text.o(.data) for font
    lcd_text.o(i.LCD_Text_PrintChar) refers to st7789.o(i.LCD_Start_Rectangle) for LCD_Start_Rectangle
    lcd_text.o(i.LCD_Text_PrintChar) refers to st7789.o(i.LCD_Write_Rectangle_Pixel) for LCD_Write_Rectangle_Pixel
    lcd_text.o(i.LCD_Text_PrintChar) refers to lcd_text.o(.data) for font_header
    lcd_text.o(i.LCD_Text_PrintStr) refers to lcd_text.o(i.LCD_Text_PrintChar) for LCD_Text_PrintChar
    lcd_text.o(i.LCD_Text_PrintStr) refers to lcd_text.o(i.LCD_Text_GetGlyphWidth) for LCD_Text_GetGlyphWidth
    lcd_text.o(i.LCD_Text_PrintStr) refers to lcd_text.o(.data) for G_LCD_char_width
    lcd_text.o(i.LCD_Text_PrintStr_RC) refers to lcd_text.o(i.LCD_Text_PrintChar) for LCD_Text_PrintChar
    lcd_text.o(i.LCD_Text_PrintStr_RC) refers to lcd_text.o(i.LCD_Text_GetGlyphWidth) for LCD_Text_GetGlyphWidth
    lcd_text.o(i.LCD_Text_PrintStr_RC) refers to lcd_text.o(.data) for G_LCD_char_width
    lcd_text.o(i.LCD_Text_Set_Colors) refers to lcd_text.o(.data) for fg
    lcd_text.o(i.LCD_Text_Test) refers to lcd_text.o(i.LCD_Text_PrintStr) for LCD_Text_PrintStr
    lcd_text.o(i.LCD_Text_Test) refers to st7789.o(i.LCD_Refresh) for LCD_Refresh
    lcd_text.o(i.LCD_Text_Test) refers to delay.o(i.Delay) for Delay
    lcd_text.o(i.LCD_Text_Test) refers to lcd_text.o(i.LCD_Erase) for LCD_Erase
    lcd_text.o(i.LCD_Text_Test) refers to lcd_text.o(i.LCD_Text_PrintStr_RC) for LCD_Text_PrintStr_RC
    lcd_text.o(i.LCD_Text_Test) refers to lcd_text.o(i.LCD_Text_PrintChar) for LCD_Text_PrintChar
    lcd_text.o(i.LCD_Text_Test) refers to lcd_text.o(.data) for G_LCD_char_width
    lcd_text.o(.data) refers to lucida_12x19.o(.constdata) for Lucida_Console12x19
    st7789.o(i.LCD_Controller_Init) refers to delay.o(i.Delay) for Delay
    st7789.o(i.LCD_Controller_Init) refers to st7789.o(i.LCD_24S_Write_Command) for LCD_24S_Write_Command
    st7789.o(i.LCD_Controller_Init) refers to st7789.o(i.LCD_24S_Write_Data) for LCD_24S_Write_Data
    st7789.o(i.LCD_Fill_Buffer) refers to st7789.o(i.LCD_24S_Write_Command) for LCD_24S_Write_Command
    st7789.o(i.LCD_Fill_Buffer) refers to st7789.o(i.LCD_24S_Write_Data) for LCD_24S_Write_Data
    st7789.o(i.LCD_Fill_Rectangle) refers to st7789.o(i.LCD_24S_Write_Command) for LCD_24S_Write_Command
    st7789.o(i.LCD_Fill_Rectangle) refers to st7789.o(i.LCD_24S_Write_Data) for LCD_24S_Write_Data
    st7789.o(i.LCD_Init) refers to st7789.o(i.LCD_GPIO_Init) for LCD_GPIO_Init
    st7789.o(i.LCD_Init) refers to touchscreen.o(i.LCD_TS_Init) for LCD_TS_Init
    st7789.o(i.LCD_Init) refers to st7789.o(i.LCD_Init_Backlight) for LCD_Init_Backlight
    st7789.o(i.LCD_Init) refers to st7789.o(i.LCD_Controller_Init) for LCD_Controller_Init
    st7789.o(i.LCD_Init) refers to st7789.o(.constdata) for Init_Seq_ST7789
    st7789.o(i.LCD_Init_Backlight) refers to uidiv.o(.text) for __aeabi_uidivmod
    st7789.o(i.LCD_Init_Backlight) refers to timers.o(i.PWM_Init) for PWM_Init
    st7789.o(i.LCD_Init_Backlight) refers to system_mkl25z4.o(.data) for SystemCoreClock
    st7789.o(i.LCD_Plot_Pixel) refers to st7789.o(i.LCD_24S_Write_Command) for LCD_24S_Write_Command
    st7789.o(i.LCD_Plot_Pixel) refers to st7789.o(i.LCD_24S_Write_Data) for LCD_24S_Write_Data
    st7789.o(i.LCD_Set_BL) refers to st7789.o(i.LCD_24S_Write_Command) for LCD_24S_Write_Command
    st7789.o(i.LCD_Set_BL) refers to st7789.o(i.LCD_24S_Write_Data) for LCD_24S_Write_Data
    st7789.o(i.LCD_Set_Backlight_Brightness) refers to uidiv.o(.text) for __aeabi_uidivmod
    st7789.o(i.LCD_Set_Backlight_Brightness) refers to timers.o(i.PWM_Set_Value) for PWM_Set_Value
    st7789.o(i.LCD_Set_Backlight_Brightness) refers to system_mkl25z4.o(.data) for SystemCoreClock
    st7789.o(i.LCD_Set_Controller_Brightness) refers to st7789.o(i.LCD_24S_Write_Command) for LCD_24S_Write_Command
    st7789.o(i.LCD_Set_Controller_Brightness) refers to st7789.o(i.LCD_24S_Write_Data) for LCD_24S_Write_Data
    st7789.o(i.LCD_Start_Rectangle) refers to st7789.o(i.LCD_24S_Write_Command) for LCD_24S_Write_Command
    st7789.o(i.LCD_Start_Rectangle) refers to st7789.o(i.LCD_24S_Write_Data) for LCD_24S_Write_Data
    st7789.o(i.LCD_Write_Rectangle_Pixel) refers to st7789.o(i.LCD_24S_Write_Data) for LCD_24S_Write_Data
    touchscreen.o(i.LCD_TS_Blocking_Read) refers to touchscreen.o(i.LCD_TS_Read) for LCD_TS_Read
    touchscreen.o(i.LCD_TS_Calibrate) refers to lcd_text.o(i.LCD_Text_PrintStr) for LCD_Text_PrintStr
    touchscreen.o(i.LCD_TS_Calibrate) refers to touchscreen.o(i.LCD_TS_Read) for LCD_TS_Read
    touchscreen.o(i.LCD_TS_Calibrate) refers to lcd_text.o(i.LCD_Erase) for LCD_Erase
    touchscreen.o(i.LCD_TS_Calibrate) refers to uidiv.o(.text) for __aeabi_uidivmod
    touchscreen.o(i.LCD_TS_Calibrate) refers to lcd_text.o(.data) for G_LCD_char_height
    touchscreen.o(i.LCD_TS_Calibrate) refers to touchscreen.o(.data) for LCD_TS_X_Offset
    touchscreen.o(i.LCD_TS_Init) refers to touchscreen.o(i.Init_ADC) for Init_ADC
    touchscreen.o(i.LCD_TS_Read) refers to delay.o(i.Delay) for Delay
    touchscreen.o(i.LCD_TS_Read) refers to uidiv.o(.text) for __aeabi_uidivmod
    touchscreen.o(i.LCD_TS_Read) refers to touchscreen.o(.data) for yu
    startup_mkl25z4.o(RESET) refers to startup_mkl25z4.o(STACK) for __initial_sp
    startup_mkl25z4.o(RESET) refers to startup_mkl25z4.o(.text) for Reset_Handler
    startup_mkl25z4.o(RESET) refers to uart.o(i.UART0_IRQHandler) for UART0_IRQHandler
    startup_mkl25z4.o(RESET) refers to timers.o(i.TPM0_IRQHandler) for TPM0_IRQHandler
    startup_mkl25z4.o(RESET) refers to pit.o(i.PIT_IRQHandler) for PIT_IRQHandler
    startup_mkl25z4.o(.text) refers to system_mkl25z4.o(i.SystemInit) for SystemInit
    startup_mkl25z4.o(.text) refers to entry.o(.ARM.Collect$$$$00000000) for __main
    system_mkl25z4.o(i.SystemCoreClockUpdate) refers to uidiv.o(.text) for __aeabi_uidivmod
    system_mkl25z4.o(i.SystemCoreClockUpdate) refers to system_mkl25z4.o(i.__ARM_common_switch8) for __ARM_common_switch8
    system_mkl25z4.o(i.SystemCoreClockUpdate) refers to system_mkl25z4.o(.data) for SystemCoreClock
    atan2.o(i.__softfp_atan2) refers (Special) to iusefp.o(.text) for __I$use$fp
    atan2.o(i.__softfp_atan2) refers to atan2.o(i.atan2) for atan2
    atan2.o(i.atan2) refers (Special) to iusefp.o(.text) for __I$use$fp
    atan2.o(i.atan2) refers to dunder.o(i.__mathlib_dbl_infnan2) for __mathlib_dbl_infnan2
    atan2.o(i.atan2) refers to atan.o(i.atan) for atan
    atan2.o(i.atan2) refers to ddiv.o(.text) for __aeabi_ddiv
    atan2.o(i.atan2) refers to dadd.o(.text) for __aeabi_dsub
    atan2.o(i.atan2) refers to qnan.o(.constdata) for __mathlib_zero
    atan2_x.o(i.____softfp_atan2$lsc) refers (Special) to iusefp.o(.text) for __I$use$fp
    atan2_x.o(i.____softfp_atan2$lsc) refers to atan2_x.o(i.__atan2$lsc) for __atan2$lsc
    atan2_x.o(i.__atan2$lsc) refers (Special) to iusefp.o(.text) for __I$use$fp
    atan2_x.o(i.__atan2$lsc) refers to dunder.o(i.__mathlib_dbl_infnan2) for __mathlib_dbl_infnan2
    atan2_x.o(i.__atan2$lsc) refers to atan.o(i.atan) for atan
    atan2_x.o(i.__atan2$lsc) refers to errno.o(i.__set_errno) for __set_errno
    atan2_x.o(i.__atan2$lsc) refers to ddiv.o(.text) for __aeabi_ddiv
    atan2_x.o(i.__atan2$lsc) refers to dadd.o(.text) for __aeabi_dsub
    atan2_x.o(i.__atan2$lsc) refers to qnan.o(.constdata) for __mathlib_zero
    sqrt.o(i.__softfp_sqrt) refers (Special) to iusefp.o(.text) for __I$use$fp
    sqrt.o(i.__softfp_sqrt) refers to dsqrt.o(.text) for _dsqrt
    sqrt.o(i.__softfp_sqrt) refers to errno.o(i.__set_errno) for __set_errno
    sqrt.o(i.sqrt) refers (Special) to iusefp.o(.text) for __I$use$fp
    sqrt.o(i.sqrt) refers to dsqrt.o(.text) for _dsqrt
    sqrt.o(i.sqrt) refers to errno.o(i.__set_errno) for __set_errno
    sqrt_x.o(i.____softfp_sqrt$lsc) refers (Special) to iusefp.o(.text) for __I$use$fp
    sqrt_x.o(i.____softfp_sqrt$lsc) refers to cdcmple.o(.text) for __aeabi_cdcmple
    sqrt_x.o(i.____softfp_sqrt$lsc) refers to errno.o(i.__set_errno) for __set_errno
    sqrt_x.o(i.____softfp_sqrt$lsc) refers to dsqrt.o(.text) for _dsqrt
    sqrt_x.o(i.__sqrt$lsc) refers (Special) to iusefp.o(.text) for __I$use$fp
    sqrt_x.o(i.__sqrt$lsc) refers to cdcmple.o(.text) for __aeabi_cdcmple
    sqrt_x.o(i.__sqrt$lsc) refers to errno.o(i.__set_errno) for __set_errno
    sqrt_x.o(i.__sqrt$lsc) refers to dsqrt.o(.text) for _dsqrt
    entry.o(.ARM.Collect$$$$00000000) refers (Special) to entry10a.o(.ARM.Collect$$$$0000000D) for __rt_final_cpp
    entry.o(.ARM.Collect$$$$00000000) refers (Special) to entry11a.o(.ARM.Collect$$$$0000000F) for __rt_final_exit
    entry.o(.ARM.Collect$$$$00000000) refers (Special) to entry7b.o(.ARM.Collect$$$$00000008) for _main_clock
    entry.o(.ARM.Collect$$$$00000000) refers (Special) to entry8b.o(.ARM.Collect$$$$0000000A) for _main_cpp_init
    entry.o(.ARM.Collect$$$$00000000) refers (Special) to entry9a.o(.ARM.Collect$$$$0000000B) for _main_init
    entry.o(.ARM.Collect$$$$00000000) refers (Special) to entry5.o(.ARM.Collect$$$$00000004) for _main_scatterload
    entry.o(.ARM.Collect$$$$00000000) refers (Special) to entry2.o(.ARM.Collect$$$$00000001) for _main_stk
    idiv.o(.text) refers to uidiv.o(.text) for __aeabi_uidivmod
    printfb.o(i.__0fprintf$bare) refers to printfb.o(i._printf_core) for _printf_core
    printfb.o(i.__0fprintf$bare) refers to uart.o(i.fputc) for fputc
    printfb.o(i.__0printf$bare) refers to printfb.o(i._printf_core) for _printf_core
    printfb.o(i.__0printf$bare) refers to uart.o(i.fputc) for fputc
    printfb.o(i.__0printf$bare) refers to uart.o(.data) for __stdout
    printfb.o(i.__0snprintf$bare) refers to printfb.o(i._printf_core) for _printf_core
    printfb.o(i.__0snprintf$bare) refers to printfb.o(i._snputc) for _snputc
    printfb.o(i.__0sprintf$bare) refers to printfb.o(i._printf_core) for _printf_core
    printfb.o(i.__0sprintf$bare) refers to printfb.o(i._sputc) for _sputc
    printfb.o(i.__0vfprintf$bare) refers to printfb.o(i._printf_core) for _printf_core
    printfb.o(i.__0vfprintf$bare) refers to uart.o(i.fputc) for fputc
    printfb.o(i.__0vprintf$bare) refers to printfb.o(i._printf_core) for _printf_core
    printfb.o(i.__0vprintf$bare) refers to uart.o(i.fputc) for fputc
    printfb.o(i.__0vprintf$bare) refers to uart.o(.data) for __stdout
    printfb.o(i.__0vsnprintf$bare) refers to printfb.o(i._printf_core) for _printf_core
    printfb.o(i.__0vsnprintf$bare) refers to printfb.o(i._snputc) for _snputc
    printfb.o(i.__0vsprintf$bare) refers to printfb.o(i._printf_core) for _printf_core
    printfb.o(i.__0vsprintf$bare) refers to printfb.o(i._sputc) for _sputc
    printf0.o(i.__0fprintf$0) refers to printf0.o(i._printf_core) for _printf_core
    printf0.o(i.__0fprintf$0) refers to uart.o(i.fputc) for fputc
    printf0.o(i.__0printf$0) refers to printf0.o(i._printf_core) for _printf_core
    printf0.o(i.__0printf$0) refers to uart.o(i.fputc) for fputc
    printf0.o(i.__0printf$0) refers to uart.o(.data) for __stdout
    printf0.o(i.__0snprintf$0) refers to printf0.o(i._printf_core) for _printf_core
    printf0.o(i.__0snprintf$0) refers to printf0.o(i._snputc) for _snputc
    printf0.o(i.__0sprintf$0) refers to printf0.o(i._printf_core) for _printf_core
    printf0.o(i.__0sprintf$0) refers to printf0.o(i._sputc) for _sputc
    printf0.o(i.__0vfprintf$0) refers to printf0.o(i._printf_core) for _printf_core
    printf0.o(i.__0vfprintf$0) refers to uart.o(i.fputc) for fputc
    printf0.o(i.__0vprintf$0) refers to printf0.o(i._printf_core) for _printf_core
    printf0.o(i.__0vprintf$0) refers to uart.o(i.fputc) for fputc
    printf0.o(i.__0vprintf$0) refers to uart.o(.data) for __stdout
    printf0.o(i.__0vsnprintf$0) refers to printf0.o(i._printf_core) for _printf_core
    printf0.o(i.__0vsnprintf$0) refers to printf0.o(i._snputc) for _snputc
    printf0.o(i.__0vsprintf$0) refers to printf0.o(i._printf_core) for _printf_core
    printf0.o(i.__0vsprintf$0) refers to printf0.o(i._sputc) for _sputc
    printf1.o(i.__0fprintf$1) refers to printf1.o(i._printf_core) for _printf_core
    printf1.o(i.__0fprintf$1) refers to uart.o(i.fputc) for fputc
    printf1.o(i.__0printf$1) refers to printf1.o(i._printf_core) for _printf_core
    printf1.o(i.__0printf$1) refers to uart.o(i.fputc) for fputc
    printf1.o(i.__0printf$1) refers to uart.o(.data) for __stdout
    printf1.o(i.__0snprintf$1) refers to printf1.o(i._printf_core) for _printf_core
    printf1.o(i.__0snprintf$1) refers to printf1.o(i._snputc) for _snputc
    printf1.o(i.__0sprintf$1) refers to printf1.o(i._printf_core) for _printf_core
    printf1.o(i.__0sprintf$1) refers to printf1.o(i._sputc) for _sputc
    printf1.o(i.__0vfprintf$1) refers to printf1.o(i._printf_core) for _printf_core
    printf1.o(i.__0vfprintf$1) refers to uart.o(i.fputc) for fputc
    printf1.o(i.__0vprintf$1) refers to printf1.o(i._printf_core) for _printf_core
    printf1.o(i.__0vprintf$1) refers to uart.o(i.fputc) for fputc
    printf1.o(i.__0vprintf$1) refers to uart.o(.data) for __stdout
    printf1.o(i.__0vsnprintf$1) refers to printf1.o(i._printf_core) for _printf_core
    printf1.o(i.__0vsnprintf$1) refers to printf1.o(i._snputc) for _snputc
    printf1.o(i.__0vsprintf$1) refers to printf1.o(i._printf_core) for _printf_core
    printf1.o(i.__0vsprintf$1) refers to printf1.o(i._sputc) for _sputc
    printf1.o(i._printf_core) refers to uidiv.o(.text) for __aeabi_uidivmod
    printf2.o(i.__0fprintf$2) refers to printf2.o(i._printf_core) for _printf_core
    printf2.o(i.__0fprintf$2) refers to uart.o(i.fputc) for fputc
    printf2.o(i.__0printf$2) refers to printf2.o(i._printf_core) for _printf_core
    printf2.o(i.__0printf$2) refers to uart.o(i.fputc) for fputc
    printf2.o(i.__0printf$2) refers to uart.o(.data) for __stdout
    printf2.o(i.__0snprintf$2) refers to printf2.o(i._printf_core) for _printf_core
    printf2.o(i.__0snprintf$2) refers to printf2.o(i._snputc) for _snputc
    printf2.o(i.__0sprintf$2) refers to printf2.o(i._printf_core) for _printf_core
    printf2.o(i.__0sprintf$2) refers to printf2.o(i._sputc) for _sputc
    printf2.o(i.__0vfprintf$2) refers to printf2.o(i._printf_core) for _printf_core
    printf2.o(i.__0vfprintf$2) refers to uart.o(i.fputc) for fputc
    printf2.o(i.__0vprintf$2) refers to printf2.o(i._printf_core) for _printf_core
    printf2.o(i.__0vprintf$2) refers to uart.o(i.fputc) for fputc
    printf2.o(i.__0vprintf$2) refers to uart.o(.data) for __stdout
    printf2.o(i.__0vsnprintf$2) refers to printf2.o(i._printf_core) for _printf_core
    printf2.o(i.__0vsnprintf$2) refers to printf2.o(i._snputc) for _snputc
    printf2.o(i.__0vsprintf$2) refers to printf2.o(i._printf_core) for _printf_core
    printf2.o(i.__0vsprintf$2) refers to printf2.o(i._sputc) for _sputc
    printf3.o(i.__0fprintf$3) refers to printf3.o(i._printf_core) for _printf_core
    printf3.o(i.__0fprintf$3) refers to uart.o(i.fputc) for fputc
    printf3.o(i.__0printf$3) refers to printf3.o(i._printf_core) for _printf_core
    printf3.o(i.__0printf$3) refers to uart.o(i.fputc) for fputc
    printf3.o(i.__0printf$3) refers to uart.o(.data) for __stdout
    printf3.o(i.__0snprintf$3) refers to printf3.o(i._printf_core) for _printf_core
    printf3.o(i.__0snprintf$3) refers to printf3.o(i._snputc) for _snputc
    printf3.o(i.__0sprintf$3) refers to printf3.o(i._printf_core) for _printf_core
    printf3.o(i.__0sprintf$3) refers to printf3.o(i._sputc) for _sputc
    printf3.o(i.__0vfprintf$3) refers to printf3.o(i._printf_core) for _printf_core
    printf3.o(i.__0vfprintf$3) refers to uart.o(i.fputc) for fputc
    printf3.o(i.__0vprintf$3) refers to printf3.o(i._printf_core) for _printf_core
    printf3.o(i.__0vprintf$3) refers to uart.o(i.fputc) for fputc
    printf3.o(i.__0vprintf$3) refers to uart.o(.data) for __stdout
    printf3.o(i.__0vsnprintf$3) refers to printf3.o(i._printf_core) for _printf_core
    printf3.o(i.__0vsnprintf$3) refers to printf3.o(i._snputc) for _snputc
    printf3.o(i.__0vsprintf$3) refers to printf3.o(i._printf_core) for _printf_core
    printf3.o(i.__0vsprintf$3) refers to printf3.o(i._sputc) for _sputc
    printf3.o(i._printf_core) refers to uidiv.o(.text) for __aeabi_uidivmod
    printf4.o(i.__0fprintf$4) refers to printf4.o(i._printf_core) for _printf_core
    printf4.o(i.__0fprintf$4) refers to uart.o(i.fputc) for fputc
    printf4.o(i.__0printf$4) refers to printf4.o(i._printf_core) for _printf_core
    printf4.o(i.__0printf$4) refers to uart.o(i.fputc) for fputc
    printf4.o(i.__0printf$4) refers to uart.o(.data) for __stdout
    printf4.o(i.__0snprintf$4) refers to printf4.o(i._printf_core) for _printf_core
    printf4.o(i.__0snprintf$4) refers to printf4.o(i._snputc) for _snputc
    printf4.o(i.__0sprintf$4) refers to printf4.o(i._printf_core) for _printf_core
    printf4.o(i.__0sprintf$4) refers to printf4.o(i._sputc) for _sputc
    printf4.o(i.__0vfprintf$4) refers to printf4.o(i._printf_core) for _printf_core
    printf4.o(i.__0vfprintf$4) refers to uart.o(i.fputc) for fputc
    printf4.o(i.__0vprintf$4) refers to printf4.o(i._printf_core) for _printf_core
    printf4.o(i.__0vprintf$4) refers to uart.o(i.fputc) for fputc
    printf4.o(i.__0vprintf$4) refers to uart.o(.data) for __stdout
    printf4.o(i.__0vsnprintf$4) refers to printf4.o(i._printf_core) for _printf_core
    printf4.o(i.__0vsnprintf$4) refers to printf4.o(i._snputc) for _snputc
    printf4.o(i.__0vsprintf$4) refers to printf4.o(i._printf_core) for _printf_core
    printf4.o(i.__0vsprintf$4) refers to printf4.o(i._sputc) for _sputc
    printf4.o(i._printf_core) refers to uldiv.o(.text) for __aeabi_uldivmod
    printf5.o(i.__0fprintf$5) refers to printf5.o(i._printf_core) for _printf_core
    printf5.o(i.__0fprintf$5) refers to uart.o(i.fputc) for fputc
    printf5.o(i.__0printf$5) refers to printf5.o(i._printf_core) for _printf_core
    printf5.o(i.__0printf$5) refers to uart.o(i.fputc) for fputc
    printf5.o(i.__0printf$5) refers to uart.o(.data) for __stdout
    printf5.o(i.__0snprintf$5) refers to printf5.o(i._printf_core) for _printf_core
    printf5.o(i.__0snprintf$5) refers to printf5.o(i._snputc) for _snputc
    printf5.o(i.__0sprintf$5) refers to printf5.o(i._printf_core) for _printf_core
    printf5.o(i.__0sprintf$5) refers to printf5.o(i._sputc) for _sputc
    printf5.o(i.__0vfprintf$5) refers to printf5.o(i._printf_core) for _printf_core
    printf5.o(i.__0vfprintf$5) refers to uart.o(i.fputc) for fputc
    printf5.o(i.__0vprintf$5) refers to printf5.o(i._printf_core) for _printf_core
    printf5.o(i.__0vprintf$5) refers to uart.o(i.fputc) for fputc
    printf5.o(i.__0vprintf$5) refers to uart.o(.data) for __stdout
    printf5.o(i.__0vsnprintf$5) refers to printf5.o(i._printf_core) for _printf_core
    printf5.o(i.__0vsnprintf$5) refers to printf5.o(i._snputc) for _snputc
    printf5.o(i.__0vsprintf$5) refers to printf5.o(i._printf_core) for _printf_core
    printf5.o(i.__0vsprintf$5) refers to printf5.o(i._sputc) for _sputc
    printf5.o(i._printf_core) refers to uldiv.o(.text) for __aeabi_uldivmod
    printf6.o(i.__0fprintf$6) refers to printf6.o(i._printf_core) for _printf_core
    printf6.o(i.__0fprintf$6) refers to uart.o(i.fputc) for fputc
    printf6.o(i.__0printf$6) refers to printf6.o(i._printf_core) for _printf_core
    printf6.o(i.__0printf$6) refers to uart.o(i.fputc) for fputc
    printf6.o(i.__0printf$6) refers to uart.o(.data) for __stdout
    printf6.o(i.__0snprintf$6) refers to printf6.o(i._printf_core) for _printf_core
    printf6.o(i.__0snprintf$6) refers to printf6.o(i._snputc) for _snputc
    printf6.o(i.__0sprintf$6) refers to printf6.o(i._printf_core) for _printf_core
    printf6.o(i.__0sprintf$6) refers to printf6.o(i._sputc) for _sputc
    printf6.o(i.__0vfprintf$6) refers to printf6.o(i._printf_core) for _printf_core
    printf6.o(i.__0vfprintf$6) refers to uart.o(i.fputc) for fputc
    printf6.o(i.__0vprintf$6) refers to printf6.o(i._printf_core) for _printf_core
    printf6.o(i.__0vprintf$6) refers to uart.o(i.fputc) for fputc
    printf6.o(i.__0vprintf$6) refers to uart.o(.data) for __stdout
    printf6.o(i.__0vsnprintf$6) refers to printf6.o(i._printf_core) for _printf_core
    printf6.o(i.__0vsnprintf$6) refers to printf6.o(i._snputc) for _snputc
    printf6.o(i.__0vsprintf$6) refers to printf6.o(i._printf_core) for _printf_core
    printf6.o(i.__0vsprintf$6) refers to printf6.o(i._sputc) for _sputc
    printf6.o(i._printf_core) refers to printf6.o(i._printf_pre_padding) for _printf_pre_padding
    printf6.o(i._printf_core) refers to printf6.o(i._printf_post_padding) for _printf_post_padding
    printf6.o(i._printf_core) refers to uidiv.o(.text) for __aeabi_uidivmod
    printf7.o(i.__0fprintf$7) refers to printf7.o(i._printf_core) for _printf_core
    printf7.o(i.__0fprintf$7) refers to uart.o(i.fputc) for fputc
    printf7.o(i.__0printf$7) refers to printf7.o(i._printf_core) for _printf_core
    printf7.o(i.__0printf$7) refers to uart.o(i.fputc) for fputc
    printf7.o(i.__0printf$7) refers to uart.o(.data) for __stdout
    printf7.o(i.__0snprintf$7) refers to printf7.o(i._printf_core) for _printf_core
    printf7.o(i.__0snprintf$7) refers to printf7.o(i._snputc) for _snputc
    printf7.o(i.__0sprintf$7) refers to printf7.o(i._printf_core) for _printf_core
    printf7.o(i.__0sprintf$7) refers to printf7.o(i._sputc) for _sputc
    printf7.o(i.__0vfprintf$7) refers to printf7.o(i._printf_core) for _printf_core
    printf7.o(i.__0vfprintf$7) refers to uart.o(i.fputc) for fputc
    printf7.o(i.__0vprintf$7) refers to printf7.o(i._printf_core) for _printf_core
    printf7.o(i.__0vprintf$7) refers to uart.o(i.fputc) for fputc
    printf7.o(i.__0vprintf$7) refers to uart.o(.data) for __stdout
    printf7.o(i.__0vsnprintf$7) refers to printf7.o(i._printf_core) for _printf_core
    printf7.o(i.__0vsnprintf$7) refers to printf7.o(i._snputc) for _snputc
    printf7.o(i.__0vsprintf$7) refers to printf7.o(i._printf_core) for _printf_core
    printf7.o(i.__0vsprintf$7) refers to printf7.o(i._sputc) for _sputc
    printf7.o(i._printf_core) refers to printf7.o(i._printf_pre_padding) for _printf_pre_padding
    printf7.o(i._printf_core) refers to printf7.o(i._printf_post_padding) for _printf_post_padding
    printf7.o(i._printf_core) refers to uldiv.o(.text) for __aeabi_uldivmod
    printf8.o(i.__0fprintf$8) refers to printf8.o(i._printf_core) for _printf_core
    printf8.o(i.__0fprintf$8) refers to uart.o(i.fputc) for fputc
    printf8.o(i.__0printf$8) refers to printf8.o(i._printf_core) for _printf_core
    printf8.o(i.__0printf$8) refers to uart.o(i.fputc) for fputc
    printf8.o(i.__0printf$8) refers to uart.o(.data) for __stdout
    printf8.o(i.__0snprintf$8) refers to printf8.o(i._printf_core) for _printf_core
    printf8.o(i.__0snprintf$8) refers to printf8.o(i._snputc) for _snputc
    printf8.o(i.__0sprintf$8) refers to printf8.o(i._printf_core) for _printf_core
    printf8.o(i.__0sprintf$8) refers to printf8.o(i._sputc) for _sputc
    printf8.o(i.__0vfprintf$8) refers to printf8.o(i._printf_core) for _printf_core
    printf8.o(i.__0vfprintf$8) refers to uart.o(i.fputc) for fputc
    printf8.o(i.__0vprintf$8) refers to printf8.o(i._printf_core) for _printf_core
    printf8.o(i.__0vprintf$8) refers to uart.o(i.fputc) for fputc
    printf8.o(i.__0vprintf$8) refers to uart.o(.data) for __stdout
    printf8.o(i.__0vsnprintf$8) refers to printf8.o(i._printf_core) for _printf_core
    printf8.o(i.__0vsnprintf$8) refers to printf8.o(i._snputc) for _snputc
    printf8.o(i.__0vsprintf$8) refers to printf8.o(i._printf_core) for _printf_core
    printf8.o(i.__0vsprintf$8) refers to printf8.o(i._sputc) for _sputc
    printf8.o(i._printf_core) refers to printf8.o(i._printf_pre_padding) for _printf_pre_padding
    printf8.o(i._printf_core) refers to printf8.o(i._printf_post_padding) for _printf_post_padding
    printf8.o(i._printf_core) refers to uldiv.o(.text) for __aeabi_uldivmod
    printfa.o(i.__0fprintf) refers (Special) to iusefp.o(.text) for __I$use$fp
    printfa.o(i.__0fprintf) refers to printfa.o(i._printf_core) for _printf_core
    printfa.o(i.__0fprintf) refers to uart.o(i.fputc) for fputc
    printfa.o(i.__0printf) refers (Special) to iusefp.o(.text) for __I$use$fp
    printfa.o(i.__0printf) refers to printfa.o(i._printf_core) for _printf_core
    printfa.o(i.__0printf) refers to uart.o(i.fputc) for fputc
    printfa.o(i.__0printf) refers to uart.o(.data) for __stdout
    printfa.o(i.__0snprintf) refers (Special) to iusefp.o(.text) for __I$use$fp
    printfa.o(i.__0snprintf) refers to printfa.o(i._printf_core) for _printf_core
    printfa.o(i.__0snprintf) refers to printfa.o(i._snputc) for _snputc
    printfa.o(i.__0sprintf) refers (Special) to iusefp.o(.text) for __I$use$fp
    printfa.o(i.__0sprintf) refers to printfa.o(i._printf_core) for _printf_core
    printfa.o(i.__0sprintf) refers to printfa.o(i._sputc) for _sputc
    printfa.o(i.__0vfprintf) refers (Special) to iusefp.o(.text) for __I$use$fp
    printfa.o(i.__0vfprintf) refers to printfa.o(i._printf_core) for _printf_core
    printfa.o(i.__0vfprintf) refers to uart.o(i.fputc) for fputc
    printfa.o(i.__0vprintf) refers (Special) to iusefp.o(.text) for __I$use$fp
    printfa.o(i.__0vprintf) refers to printfa.o(i._printf_core) for _printf_core
    printfa.o(i.__0vprintf) refers to uart.o(i.fputc) for fputc
    printfa.o(i.__0vprintf) refers to uart.o(.data) for __stdout
    printfa.o(i.__0vsnprintf) refers (Special) to iusefp.o(.text) for __I$use$fp
    printfa.o(i.__0vsnprintf) refers to printfa.o(i._printf_core) for _printf_core
    printfa.o(i.__0vsnprintf) refers to printfa.o(i._snputc) for _snputc
    printfa.o(i.__0vsprintf) refers (Special) to iusefp.o(.text) for __I$use$fp
    printfa.o(i.__0vsprintf) refers to printfa.o(i._printf_core) for _printf_core
    printfa.o(i.__0vsprintf) refers to printfa.o(i._sputc) for _sputc
    printfa.o(i._fp_digits) refers (Special) to iusefp.o(.text) for __I$use$fp
    printfa.o(i._fp_digits) refers to dmul.o(.text) for __aeabi_dmul
    printfa.o(i._fp_digits) refers to ddiv.o(.text) for __aeabi_ddiv
    printfa.o(i._fp_digits) refers to cdrcmple.o(.text) for __aeabi_cdrcmple
    printfa.o(i._fp_digits) refers to dadd.o(.text) for __aeabi_dadd
    printfa.o(i._fp_digits) refers to dfixul.o(.text) for __aeabi_d2ulz
    printfa.o(i._fp_digits) refers to uldiv.o(.text) for __aeabi_uldivmod
    printfa.o(i._printf_core) refers (Special) to iusefp.o(.text) for __I$use$fp
    printfa.o(i._printf_core) refers to printfa.o(i._printf_pre_padding) for _printf_pre_padding
    printfa.o(i._printf_core) refers to uldiv.o(.text) for __aeabi_uldivmod
    printfa.o(i._printf_core) refers to printfa.o(i._printf_post_padding) for _printf_post_padding
    printfa.o(i._printf_core) refers to printfa.o(i._fp_digits) for _fp_digits
    printfa.o(i._printf_core) refers to uidiv.o(.text) for __aeabi_uidivmod
    printfa.o(i._printf_post_padding) refers (Special) to iusefp.o(.text) for __I$use$fp
    printfa.o(i._printf_pre_padding) refers (Special) to iusefp.o(.text) for __I$use$fp
    printfa.o(i._snputc) refers (Special) to iusefp.o(.text) for __I$use$fp
    printfa.o(i._sputc) refers (Special) to iusefp.o(.text) for __I$use$fp
    fadd.o(.text) refers (Special) to iusefp.o(.text) for __I$use$fp
    fadd.o(.text) refers to fepilogue.o(.text) for _float_epilogue
    fmul.o(.text) refers (Special) to iusefp.o(.text) for __I$use$fp
    fdiv.o(.text) refers (Special) to iusefp.o(.text) for __I$use$fp
    fdiv.o(.text) refers to fepilogue.o(.text) for _float_round
    dadd.o(.text) refers (Special) to iusefp.o(.text) for __I$use$fp
    dadd.o(.text) refers to llshl.o(.text) for __aeabi_llsl
    dadd.o(.text) refers to llsshr.o(.text) for __aeabi_lasr
    dadd.o(.text) refers to depilogue.o(.text) for _double_epilogue
    dmul.o(.text) refers (Special) to iusefp.o(.text) for __I$use$fp
    dmul.o(.text) refers to depilogue.o(.text) for _double_epilogue
    ddiv.o(.text) refers (Special) to iusefp.o(.text) for __I$use$fp
    ddiv.o(.text) refers to depilogue.o(.text) for _double_round
    dflti.o(.text) refers (Special) to iusefp.o(.text) for __I$use$fp
    dflti.o(.text) refers to depilogue.o(.text) for _double_epilogue
    dfltui.o(.text) refers (Special) to iusefp.o(.text) for __I$use$fp
    dfltui.o(.text) refers to depilogue.o(.text) for _double_epilogue
    dfixui.o(.text) refers (Special) to iusefp.o(.text) for __I$use$fp
    dfixui.o(.text) refers to llushr.o(.text) for __aeabi_llsr
    f2d.o(.text) refers (Special) to iusefp.o(.text) for __I$use$fp
    d2f.o(.text) refers (Special) to iusefp.o(.text) for __I$use$fp
    d2f.o(.text) refers to fepilogue.o(.text) for _float_round
    cfcmple.o(.text) refers (Special) to iusefp.o(.text) for __I$use$fp
    atan.o(i.__softfp_atan) refers (Special) to iusefp.o(.text) for __I$use$fp
    atan.o(i.__softfp_atan) refers to atan.o(i.atan) for atan
    atan.o(i.atan) refers (Special) to iusefp.o(.text) for __I$use$fp
    atan.o(i.atan) refers to dunder.o(i.__mathlib_dbl_infnan) for __mathlib_dbl_infnan
    atan.o(i.atan) refers to fpclassify.o(i.__ARM_fpclassify) for __ARM_fpclassify
    atan.o(i.atan) refers to dunder.o(i.__mathlib_dbl_underflow) for __mathlib_dbl_underflow
    atan.o(i.atan) refers to dadd.o(.text) for __aeabi_dadd
    atan.o(i.atan) refers to dscalb.o(.text) for __ARM_scalbn
    atan.o(i.atan) refers to ddiv.o(.text) for __aeabi_ddiv
    atan.o(i.atan) refers to dmul.o(.text) for __aeabi_dmul
    atan.o(i.atan) refers to poly.o(i.__kernel_poly) for __kernel_poly
    atan.o(i.atan) refers to atan.o(.constdata) for .constdata
    atan.o(.constdata) refers (Special) to iusefp.o(.text) for __I$use$fp
    atan_x.o(i.____softfp_atan$lsc) refers (Special) to iusefp.o(.text) for __I$use$fp
    atan_x.o(i.____softfp_atan$lsc) refers to atan_x.o(i.__atan$lsc) for __atan$lsc
    atan_x.o(i.__atan$lsc) refers (Special) to iusefp.o(.text) for __I$use$fp
    atan_x.o(i.__atan$lsc) refers to dunder.o(i.__mathlib_dbl_infnan) for __mathlib_dbl_infnan
    atan_x.o(i.__atan$lsc) refers to dadd.o(.text) for __aeabi_dadd
    atan_x.o(i.__atan$lsc) refers to dscalb.o(.text) for __ARM_scalbn
    atan_x.o(i.__atan$lsc) refers to ddiv.o(.text) for __aeabi_ddiv
    atan_x.o(i.__atan$lsc) refers to dmul.o(.text) for __aeabi_dmul
    atan_x.o(i.__atan$lsc) refers to poly.o(i.__kernel_poly) for __kernel_poly
    atan_x.o(i.__atan$lsc) refers to atan_x.o(.constdata) for .constdata
    atan_x.o(.constdata) refers (Special) to iusefp.o(.text) for __I$use$fp
    dunder.o(i.__mathlib_dbl_divzero) refers to ddiv.o(.text) for __aeabi_ddiv
    dunder.o(i.__mathlib_dbl_infnan) refers to dscalb.o(.text) for __ARM_scalbn
    dunder.o(i.__mathlib_dbl_infnan2) refers to dadd.o(.text) for __aeabi_dadd
    dunder.o(i.__mathlib_dbl_invalid) refers to ddiv.o(.text) for __aeabi_ddiv
    dunder.o(i.__mathlib_dbl_overflow) refers to dscalb.o(.text) for __ARM_scalbn
    dunder.o(i.__mathlib_dbl_posinfnan) refers to dmul.o(.text) for __aeabi_dmul
    dunder.o(i.__mathlib_dbl_underflow) refers to dscalb.o(.text) for __ARM_scalbn
    qnan.o(.constdata) refers (Special) to iusefp.o(.text) for __I$use$fp
    entry2.o(.ARM.Collect$$$$00000001) refers to entry2.o(.ARM.Collect$$$$00002712) for __lit__00000000
    entry2.o(.ARM.Collect$$$$00002712) refers to startup_mkl25z4.o(STACK) for __initial_sp
    entry2.o(__vectab_stack_and_reset_area) refers to startup_mkl25z4.o(STACK) for __initial_sp
    entry2.o(__vectab_stack_and_reset_area) refers to entry.o(.ARM.Collect$$$$00000000) for __main
    entry5.o(.ARM.Collect$$$$00000004) refers to init.o(.text) for __scatterload
    entry9a.o(.ARM.Collect$$$$0000000B) refers to main.o(i.main) for main
    entry9b.o(.ARM.Collect$$$$0000000C) refers to main.o(i.main) for main
    uldiv.o(.text) refers to llushr.o(.text) for __aeabi_llsr
    uldiv.o(.text) refers to llshl.o(.text) for __aeabi_llsl
    errno.o(i.__aeabi_errno_addr) refers to errno.o(.data) for .data
    errno.o(i.__read_errno) refers to errno.o(.data) for .data
    errno.o(i.__set_errno) refers to errno.o(.data) for .data
    depilogue.o(.text) refers to depilogue.o(i.__ARM_clz) for __ARM_clz
    depilogue.o(.text) refers to llshl.o(.text) for __aeabi_llsl
    depilogue.o(.text) refers to llushr.o(.text) for __aeabi_llsr
    dsqrt.o(.text) refers to llushr.o(.text) for __aeabi_llsr
    dsqrt.o(.text) refers to depilogue.o(.text) for _double_round
    dfixul.o(.text) refers to llushr.o(.text) for __aeabi_llsr
    dfixul.o(.text) refers to llshl.o(.text) for __aeabi_llsl
    fpclassify.o(i.__ARM_fpclassify) refers (Special) to iusefp.o(.text) for __I$use$fp
    poly.o(i.__kernel_poly) refers (Special) to iusefp.o(.text) for __I$use$fp
    poly.o(i.__kernel_poly) refers to dmul.o(.text) for __aeabi_dmul
    poly.o(i.__kernel_poly) refers to dadd.o(.text) for __aeabi_dadd
    init.o(.text) refers to entry5.o(.ARM.Collect$$$$00000004) for __main_after_scatterload


==============================================================================

Removing Unused input sections from the image.

    Removing delay.o(.rev16_text), (4 bytes).
    Removing delay.o(.revsh_text), (4 bytes).
    Removing delay.o(i.ShortDelay), (20 bytes).
    Removing leds.o(.rev16_text), (4 bytes).
    Removing leds.o(.revsh_text), (4 bytes).
    Removing main.o(.rev16_text), (4 bytes).
    Removing main.o(.revsh_text), (4 bytes).
    Removing mma8451.o(.rev16_text), (4 bytes).
    Removing mma8451.o(.revsh_text), (4 bytes).
    Removing mma8451.o(i.approx_atan2f), (208 bytes).
    Removing mma8451.o(i.approx_sqrt), (16 bytes).
    Removing mma8451.o(i.read_full_xyz), (120 bytes).
    Removing debug.o(.rev16_text), (4 bytes).
    Removing debug.o(.revsh_text), (4 bytes).
    Removing debug.o(i.Init_Debug_Signals), (232 bytes).
    Removing i2c.o(.rev16_text), (4 bytes).
    Removing i2c.o(.revsh_text), (4 bytes).
    Removing i2c.o(i.i2c_read_setup), (64 bytes).
    Removing i2c.o(i.i2c_repeated_read), (80 bytes).
    Removing i2c.o(i.i2c_start), (32 bytes).
    Removing timers.o(.rev16_text), (4 bytes).
    Removing timers.o(.revsh_text), (4 bytes).
    Removing timers.o(i.Configure_TPM0_for_DMA), (24 bytes).
    Removing timers.o(i.PWM_Init), (108 bytes).
    Removing timers.o(i.PWM_Set_Value), (8 bytes).
    Removing timers.o(i.TPM0_Init), (32 bytes).
    Removing timers.o(i.TPM0_Start), (16 bytes).
    Removing uart.o(.rev16_text), (4 bytes).
    Removing uart.o(.revsh_text), (4 bytes).
    Removing uart.o(i.Get_Rx_Char), (16 bytes).
    Removing uart.o(i.Rx_Chars_Available), (16 bytes).
    Removing uart.o(i.Send_String), (80 bytes).
    Removing uart.o(i.Send_String_Poll), (22 bytes).
    Removing uart.o(i.UART0_Receive_Poll), (24 bytes).
    Removing uart.o(i.UART0_Transmit_Poll), (24 bytes).
    Removing uart.o(i.fgetc), (28 bytes).
    Removing queue.o(.rev16_text), (4 bytes).
    Removing queue.o(.revsh_text), (4 bytes).
    Removing queue.o(i.Q_Init), (28 bytes).
    Removing queue.o(i.Q_Size), (6 bytes).
    Removing profile.o(.rev16_text), (4 bytes).
    Removing profile.o(.revsh_text), (4 bytes).
    Removing pit.o(.rev16_text), (4 bytes).
    Removing pit.o(.revsh_text), (4 bytes).
    Removing pit.o(i.PIT_Stop), (20 bytes).
    Removing lcd_graphics.o(i.Graphics_Test), (444 bytes).
    Removing lcd_graphics.o(i.LCD_Draw_Circle), (256 bytes).
    Removing lcd_graphics.o(i.LCD_Draw_Line), (694 bytes).
    Removing lcd_text.o(i.Bit_Reverse_Byte), (36 bytes).
    Removing lcd_text.o(i.LCD_Erase), (16 bytes).
    Removing lcd_text.o(i.LCD_Text_GetGlyphWidth), (32 bytes).
    Removing lcd_text.o(i.LCD_Text_Init), (92 bytes).
    Removing lcd_text.o(i.LCD_Text_PrintChar), (580 bytes).
    Removing lcd_text.o(i.LCD_Text_PrintStr), (64 bytes).
    Removing lcd_text.o(i.LCD_Text_PrintStr_RC), (84 bytes).
    Removing lcd_text.o(i.LCD_Text_Set_Colors), (40 bytes).
    Removing lcd_text.o(i.LCD_Text_Test), (176 bytes).
    Removing lcd_text.o(.constdata), (6 bytes).
    Removing lcd_text.o(.data), (28 bytes).
    Removing lucida_8x13.o(.constdata), (1640 bytes).
    Removing lucida_12x19.o(.constdata), (3831 bytes).
    Removing st7789.o(.rev16_text), (4 bytes).
    Removing st7789.o(.revsh_text), (4 bytes).
    Removing st7789.o(i.LCD_24S_Write_Command), (52 bytes).
    Removing st7789.o(i.LCD_24S_Write_Data), (52 bytes).
    Removing st7789.o(i.LCD_Controller_Init), (116 bytes).
    Removing st7789.o(i.LCD_Fill_Buffer), (146 bytes).
    Removing st7789.o(i.LCD_Fill_Rectangle), (284 bytes).
    Removing st7789.o(i.LCD_GPIO_Init), (324 bytes).
    Removing st7789.o(i.LCD_Init), (28 bytes).
    Removing st7789.o(i.LCD_Init_Backlight), (112 bytes).
    Removing st7789.o(i.LCD_Plot_Pixel), (128 bytes).
    Removing st7789.o(i.LCD_Refresh), (2 bytes).
    Removing st7789.o(i.LCD_Set_BL), (32 bytes).
    Removing st7789.o(i.LCD_Set_Backlight_Brightness), (56 bytes).
    Removing st7789.o(i.LCD_Set_Controller_Brightness), (18 bytes).
    Removing st7789.o(i.LCD_Start_Rectangle), (204 bytes).
    Removing st7789.o(i.LCD_Write_Rectangle_Pixel), (68 bytes).
    Removing st7789.o(.constdata), (268 bytes).
    Removing touchscreen.o(.rev16_text), (4 bytes).
    Removing touchscreen.o(.revsh_text), (4 bytes).
    Removing touchscreen.o(i.Init_ADC), (36 bytes).
    Removing touchscreen.o(i.LCD_TS_Blocking_Read), (38 bytes).
    Removing touchscreen.o(i.LCD_TS_Calibrate), (384 bytes).
    Removing touchscreen.o(i.LCD_TS_Init), (8 bytes).
    Removing touchscreen.o(i.LCD_TS_Read), (668 bytes).
    Removing touchscreen.o(.data), (40 bytes).
    Removing startup_mkl25z4.o(HEAP), (0 bytes).
    Removing system_mkl25z4.o(.rev16_text), (4 bytes).
    Removing system_mkl25z4.o(.revsh_text), (4 bytes).
    Removing system_mkl25z4.o(i.SystemCoreClockUpdate), (400 bytes).
    Removing fdiv.o(.text), (124 bytes).
    Removing cfcmple.o(.text), (20 bytes).
    Removing dfixul.o(.text), (64 bytes).
    Removing cdcmple.o(.text), (40 bytes).
    Removing cdrcmple.o(.text), (40 bytes).
    Removing system_mkl25z4.o(i.__ARM_common_switch8), (28 bytes).

97 unused section(s) (total 13135 bytes) removed from the image.

==============================================================================

Image Symbol Table

    Local Symbols

    Symbol Name                              Value     Ov Type        Size  Object(Section)

    RESET                                    0x00000000   Section      192  startup_mkl25z4.o(RESET)
    ../clib/microlib/division.c              0x00000000   Number         0  uldiv.o ABSOLUTE
    ../clib/microlib/division.c              0x00000000   Number         0  idiv.o ABSOLUTE
    ../clib/microlib/division.c              0x00000000   Number         0  uidiv.o ABSOLUTE
    ../clib/microlib/errno.c                 0x00000000   Number         0  errno.o ABSOLUTE
    ../clib/microlib/init/entry.s            0x00000000   Number         0  entry.o ABSOLUTE
    ../clib/microlib/init/entry.s            0x00000000   Number         0  entry9a.o ABSOLUTE
    ../clib/microlib/init/entry.s            0x00000000   Number         0  entry10a.o ABSOLUTE
    ../clib/microlib/init/entry.s            0x00000000   Number         0  entry10b.o ABSOLUTE
    ../clib/microlib/init/entry.s            0x00000000   Number         0  entry11a.o ABSOLUTE
    ../clib/microlib/init/entry.s            0x00000000   Number         0  entry9b.o ABSOLUTE
    ../clib/microlib/init/entry.s            0x00000000   Number         0  entry11b.o ABSOLUTE
    ../clib/microlib/init/entry.s            0x00000000   Number         0  entry2.o ABSOLUTE
    ../clib/microlib/init/entry.s            0x00000000   Number         0  entry5.o ABSOLUTE
    ../clib/microlib/init/entry.s            0x00000000   Number         0  entry7a.o ABSOLUTE
    ../clib/microlib/init/entry.s            0x00000000   Number         0  entry7b.o ABSOLUTE
    ../clib/microlib/init/entry.s            0x00000000   Number         0  entry8a.o ABSOLUTE
    ../clib/microlib/init/entry.s            0x00000000   Number         0  entry8b.o ABSOLUTE
    ../clib/microlib/longlong.c              0x00000000   Number         0  llsshr.o ABSOLUTE
    ../clib/microlib/longlong.c              0x00000000   Number         0  llushr.o ABSOLUTE
    ../clib/microlib/longlong.c              0x00000000   Number         0  llshl.o ABSOLUTE
    ../clib/microlib/printf/printf.c         0x00000000   Number         0  printf7.o ABSOLUTE
    ../clib/microlib/printf/printf.c         0x00000000   Number         0  printf8.o ABSOLUTE
    ../clib/microlib/printf/printf.c         0x00000000   Number         0  printf5.o ABSOLUTE
    ../clib/microlib/printf/printf.c         0x00000000   Number         0  printf4.o ABSOLUTE
    ../clib/microlib/printf/printf.c         0x00000000   Number         0  printfa.o ABSOLUTE
    ../clib/microlib/printf/printf.c         0x00000000   Number         0  printf2.o ABSOLUTE
    ../clib/microlib/printf/printf.c         0x00000000   Number         0  printf1.o ABSOLUTE
    ../clib/microlib/printf/printf.c         0x00000000   Number         0  printf0.o ABSOLUTE
    ../clib/microlib/printf/printf.c         0x00000000   Number         0  printfb.o ABSOLUTE
    ../clib/microlib/printf/printf.c         0x00000000   Number         0  printf3.o ABSOLUTE
    ../clib/microlib/printf/printf.c         0x00000000   Number         0  printf6.o ABSOLUTE
    ../clib/microlib/printf/stubs.s          0x00000000   Number         0  stubs.o ABSOLUTE
    ../clib/microlib/stubs.s                 0x00000000   Number         0  iusefp.o ABSOLUTE
    ../fplib/microlib/d2f.c                  0x00000000   Number         0  d2f.o ABSOLUTE
    ../fplib/microlib/f2d.c                  0x00000000   Number         0  f2d.o ABSOLUTE
    ../fplib/microlib/fpadd.c                0x00000000   Number         0  fadd.o ABSOLUTE
    ../fplib/microlib/fpadd.c                0x00000000   Number         0  dadd.o ABSOLUTE
    ../fplib/microlib/fpdiv.c                0x00000000   Number         0  fdiv.o ABSOLUTE
    ../fplib/microlib/fpdiv.c                0x00000000   Number         0  ddiv.o ABSOLUTE
    ../fplib/microlib/fpepilogue.c           0x00000000   Number         0  fepilogue.o ABSOLUTE
    ../fplib/microlib/fpepilogue.c           0x00000000   Number         0  depilogue.o ABSOLUTE
    ../fplib/microlib/fpfix.c                0x00000000   Number         0  dfixul.o ABSOLUTE
    ../fplib/microlib/fpfix.c                0x00000000   Number         0  dfixui.o ABSOLUTE
    ../fplib/microlib/fpflt.c                0x00000000   Number         0  dfltui.o ABSOLUTE
    ../fplib/microlib/fpflt.c                0x00000000   Number         0  dflti.o ABSOLUTE
    ../fplib/microlib/fpmul.c                0x00000000   Number         0  dmul.o ABSOLUTE
    ../fplib/microlib/fpmul.c                0x00000000   Number         0  fmul.o ABSOLUTE
    ../fplib/microlib/fpscalb.c              0x00000000   Number         0  dscalb.o ABSOLUTE
    ../fplib/microlib/fpsqrt.c               0x00000000   Number         0  dsqrt.o ABSOLUTE
    ../mathlib/atan.c                        0x00000000   Number         0  atan_x.o ABSOLUTE
    ../mathlib/atan.c                        0x00000000   Number         0  atan.o ABSOLUTE
    ../mathlib/atan2.c                       0x00000000   Number         0  atan2_x.o ABSOLUTE
    ../mathlib/atan2.c                       0x00000000   Number         0  atan2.o ABSOLUTE
    ../mathlib/dunder.c                      0x00000000   Number         0  dunder.o ABSOLUTE
    ../mathlib/fpclassify.c                  0x00000000   Number         0  fpclassify.o ABSOLUTE
    ../mathlib/poly.c                        0x00000000   Number         0  poly.o ABSOLUTE
    ../mathlib/qnan.c                        0x00000000   Number         0  qnan.o ABSOLUTE
    ../mathlib/sqrt.c                        0x00000000   Number         0  sqrt_x.o ABSOLUTE
    ../mathlib/sqrt.c                        0x00000000   Number         0  sqrt.o ABSOLUTE
    RTE\Device\MKL25Z128xxx4\startup_MKL25Z4.s 0x00000000   Number         0  startup_mkl25z4.o ABSOLUTE
    RTE\Device\MKL25Z128xxx4\system_MKL25Z4.c 0x00000000   Number         0  system_mkl25z4.o ABSOLUTE
    RTE\\Device\\MKL25Z128xxx4\\system_MKL25Z4.c 0x00000000   Number         0  system_mkl25z4.o ABSOLUTE
    Source\I2C.c                             0x00000000   Number         0  i2c.o ABSOLUTE
    Source\LCD\LCD_graphics.c                0x00000000   Number         0  lcd_graphics.o ABSOLUTE
    Source\LCD\LCD_text.c                    0x00000000   Number         0  lcd_text.o ABSOLUTE
    Source\LCD\ST7789.c                      0x00000000   Number         0  st7789.o ABSOLUTE
    Source\LCD\lucida_12x19.c                0x00000000   Number         0  lucida_12x19.o ABSOLUTE
    Source\LCD\lucida_8x13.c                 0x00000000   Number         0  lucida_8x13.o ABSOLUTE
    Source\LCD\touchscreen.c                 0x00000000   Number         0  touchscreen.o ABSOLUTE
    Source\LEDs.c                            0x00000000   Number         0  leds.o ABSOLUTE
    Source\MMA8451.c                         0x00000000   Number         0  mma8451.o ABSOLUTE
    Source\Profiler\PIT.c                    0x00000000   Number         0  pit.o ABSOLUTE
    Source\Profiler\profile.c                0x00000000   Number         0  profile.o ABSOLUTE
    Source\Profiler\region.c                 0x00000000   Number         0  region.o ABSOLUTE
    Source\UART.c                            0x00000000   Number         0  uart.o ABSOLUTE
    Source\\I2C.c                            0x00000000   Number         0  i2c.o ABSOLUTE
    Source\\LCD\\ST7789.c                    0x00000000   Number         0  st7789.o ABSOLUTE
    Source\\LCD\\touchscreen.c               0x00000000   Number         0  touchscreen.o ABSOLUTE
    Source\\LEDs.c                           0x00000000   Number         0  leds.o ABSOLUTE
    Source\\MMA8451.c                        0x00000000   Number         0  mma8451.o ABSOLUTE
    Source\\Profiler\\PIT.c                  0x00000000   Number         0  pit.o ABSOLUTE
    Source\\Profiler\\profile.c              0x00000000   Number         0  profile.o ABSOLUTE
    Source\\UART.c                           0x00000000   Number         0  uart.o ABSOLUTE
    Source\\debug.c                          0x00000000   Number         0  debug.o ABSOLUTE
    Source\\delay.c                          0x00000000   Number         0  delay.o ABSOLUTE
    Source\\main.c                           0x00000000   Number         0  main.o ABSOLUTE
    Source\\queue.c                          0x00000000   Number         0  queue.o ABSOLUTE
    Source\\timers.c                         0x00000000   Number         0  timers.o ABSOLUTE
    Source\debug.c                           0x00000000   Number         0  debug.o ABSOLUTE
    Source\delay.c                           0x00000000   Number         0  delay.o ABSOLUTE
    Source\main.c                            0x00000000   Number         0  main.o ABSOLUTE
    Source\queue.c                           0x00000000   Number         0  queue.o ABSOLUTE
    Source\timers.c                          0x00000000   Number         0  timers.o ABSOLUTE
    cdcmple.s                                0x00000000   Number         0  cdcmple.o ABSOLUTE
    cdrcmple.s                               0x00000000   Number         0  cdrcmple.o ABSOLUTE
    cfcmple.s                                0x00000000   Number         0  cfcmple.o ABSOLUTE
    dc.s                                     0x00000000   Number         0  dc.o ABSOLUTE
    handlers.s                               0x00000000   Number         0  handlers.o ABSOLUTE
    init.s                                   0x00000000   Number         0  init.o ABSOLUTE
    .ARM.Collect$$$$00000000                 0x000000c0   Section        0  entry.o(.ARM.Collect$$$$00000000)
    .ARM.Collect$$$$00000001                 0x000000c0   Section        4  entry2.o(.ARM.Collect$$$$00000001)
    .ARM.Collect$$$$00000004                 0x000000c4   Section        4  entry5.o(.ARM.Collect$$$$00000004)
    .ARM.Collect$$$$00000008                 0x000000c8   Section        0  entry7b.o(.ARM.Collect$$$$00000008)
    .ARM.Collect$$$$0000000A                 0x000000c8   Section        0  entry8b.o(.ARM.Collect$$$$0000000A)
    .ARM.Collect$$$$0000000B                 0x000000c8   Section        8  entry9a.o(.ARM.Collect$$$$0000000B)
    .ARM.Collect$$$$0000000D                 0x000000d0   Section        0  entry10a.o(.ARM.Collect$$$$0000000D)
    .ARM.Collect$$$$0000000F                 0x000000d0   Section        0  entry11a.o(.ARM.Collect$$$$0000000F)
    .ARM.Collect$$$$00002712                 0x000000d0   Section        4  entry2.o(.ARM.Collect$$$$00002712)
    __lit__00000000                          0x000000d0   Data           4  entry2.o(.ARM.Collect$$$$00002712)
    .text                                    0x000000d4   Section       40  startup_mkl25z4.o(.text)
    .text                                    0x000000fc   Section        0  uidiv.o(.text)
    .text                                    0x00000128   Section        0  fadd.o(.text)
    .text                                    0x000001da   Section        0  fmul.o(.text)
    .text                                    0x00000254   Section        0  dadd.o(.text)
    .text                                    0x000003b8   Section        0  dflti.o(.text)
    .text                                    0x000003e0   Section        0  dfltui.o(.text)
    .text                                    0x000003fc   Section        0  iusefp.o(.text)
    i.__scatterload_null                     0x000003fc   Section        2  handlers.o(i.__scatterload_null)
    .ARM.__at_0x400                          0x00000400   Section       16  startup_mkl25z4.o(.ARM.__at_0x400)
    .text                                    0x00000410   Section        0  dmul.o(.text)
    .text                                    0x000004e0   Section        0  ddiv.o(.text)
    .text                                    0x000005d0   Section        0  dfixui.o(.text)
    .text                                    0x0000060c   Section        0  f2d.o(.text)
    .text                                    0x00000634   Section        0  d2f.o(.text)
    .text                                    0x0000066c   Section        0  uldiv.o(.text)
    .text                                    0x000006cc   Section        0  llshl.o(.text)
    .text                                    0x000006ec   Section        0  llushr.o(.text)
    .text                                    0x0000070e   Section        0  llsshr.o(.text)
    .text                                    0x00000734   Section        0  fepilogue.o(.text)
    .text                                    0x000007b6   Section        0  depilogue.o(.text)
    .text                                    0x00000874   Section        0  dsqrt.o(.text)
    .text                                    0x00000918   Section       36  init.o(.text)
    .text                                    0x0000093c   Section        0  dscalb.o(.text)
    i.Control_RGB_LEDs                       0x00000968   Section        0  leds.o(i.Control_RGB_LEDs)
    i.Delay                                  0x000009b4   Section        0  delay.o(i.Delay)
    i.Disable_Profiling                      0x000009d0   Section        0  profile.o(i.Disable_Profiling)
    i.Enable_Profiling                       0x000009dc   Section        0  profile.o(i.Enable_Profiling)
    i.Init_Profiling                         0x000009e8   Section        0  profile.o(i.Init_Profiling)
    i.Init_RGB_LEDs                          0x00000a48   Section        0  leds.o(i.Init_RGB_LEDs)
    i.Init_UART0                             0x00000ad4   Section        0  uart.o(i.Init_UART0)
    i.PIT_IRQHandler                         0x00000bbc   Section        0  pit.o(i.PIT_IRQHandler)
    i.PIT_Init                               0x00000c08   Section        0  pit.o(i.PIT_Init)
    i.PIT_Start                              0x00000c9c   Section        0  pit.o(i.PIT_Start)
    i.Process_Profile_Sample                 0x00000cb0   Section        0  profile.o(i.Process_Profile_Sample)
    i.Q_Dequeue                              0x00000d20   Section        0  queue.o(i.Q_Dequeue)
    i.Q_Empty                                0x00000d6c   Section        0  queue.o(i.Q_Empty)
    i.Q_Enqueue                              0x00000d7c   Section        0  queue.o(i.Q_Enqueue)
    i.Q_Full                                 0x00000dc0   Section        0  queue.o(i.Q_Full)
    i.Serial_Print_Sorted_Profile            0x00000dd4   Section        0  profile.o(i.Serial_Print_Sorted_Profile)
    i.Sort_Profile_Regions                   0x00000e6c   Section        0  profile.o(i.Sort_Profile_Regions)
    i.SystemInit                             0x00000f14   Section        0  system_mkl25z4.o(i.SystemInit)
    i.TPM0_IRQHandler                        0x0000104c   Section        0  timers.o(i.TPM0_IRQHandler)
    i.UART0_IRQHandler                       0x0000105c   Section        0  uart.o(i.UART0_IRQHandler)
    i.__0printf$5                            0x000010e4   Section        0  printf5.o(i.__0printf$5)
    i.__ARM_clz                              0x00001104   Section        0  depilogue.o(i.__ARM_clz)
    i.__ARM_fpclassify                       0x00001134   Section        0  fpclassify.o(i.__ARM_fpclassify)
    i.__NVIC_SetPriority                     0x00001160   Section        0  pit.o(i.__NVIC_SetPriority)
    __NVIC_SetPriority                       0x00001161   Thumb Code   110  pit.o(i.__NVIC_SetPriority)
    i.__kernel_poly                          0x000011d8   Section        0  poly.o(i.__kernel_poly)
    i.__mathlib_dbl_infnan                   0x00001284   Section        0  dunder.o(i.__mathlib_dbl_infnan)
    i.__mathlib_dbl_infnan2                  0x0000128e   Section        0  dunder.o(i.__mathlib_dbl_infnan2)
    i.__mathlib_dbl_underflow                0x00001298   Section        0  dunder.o(i.__mathlib_dbl_underflow)
    i.__scatterload_copy                     0x000012ac   Section       14  handlers.o(i.__scatterload_copy)
    i.__scatterload_zeroinit                 0x000012ba   Section       14  handlers.o(i.__scatterload_zeroinit)
    i.__set_errno                            0x000012c8   Section        0  errno.o(i.__set_errno)
    i._printf_core                           0x000012d4   Section        0  printf5.o(i._printf_core)
    _printf_core                             0x000012d5   Thumb Code   688  printf5.o(i._printf_core)
    i.atan                                   0x000015b0   Section        0  atan.o(i.atan)
    i.atan2                                  0x000017cc   Section        0  atan2.o(i.atan2)
    i.convert_xyz_to_roll_pitch              0x00001944   Section        0  mma8451.o(i.convert_xyz_to_roll_pitch)
    i.fputc                                  0x00001a6c   Section        0  uart.o(i.fputc)
    i.i2c_busy                               0x00001a90   Section        0  i2c.o(i.i2c_busy)
    i.i2c_init                               0x00001ba4   Section        0  i2c.o(i.i2c_init)
    i.i2c_read_byte                          0x00001c08   Section        0  i2c.o(i.i2c_read_byte)
    i.i2c_wait                               0x00001c84   Section        0  i2c.o(i.i2c_wait)
    i.i2c_write_byte                         0x00001cd4   Section        0  i2c.o(i.i2c_write_byte)
    i.init_mma                               0x00001d1c   Section        0  mma8451.o(i.init_mma)
    i.main                                   0x00001d54   Section        0  main.o(i.main)
    i.read_xyz                               0x00001e10   Section        0  mma8451.o(i.read_xyz)
    i.sqrt                                   0x00001e50   Section        0  sqrt.o(i.sqrt)
    .constdata                               0x00001e98   Section     2436  region.o(.constdata)
    .constdata                               0x00002820   Section      152  atan.o(.constdata)
    atanhi                                   0x00002820   Data          32  atan.o(.constdata)
    atanlo                                   0x00002840   Data          32  atan.o(.constdata)
    aTodd                                    0x00002860   Data          40  atan.o(.constdata)
    aTeven                                   0x00002888   Data          48  atan.o(.constdata)
    .constdata                               0x000028b8   Section        8  qnan.o(.constdata)
    .data                                    0x1ffff000   Section       16  mma8451.o(.data)
    .data                                    0x1ffff010   Section        8  i2c.o(.data)
    .data                                    0x1ffff018   Section        8  uart.o(.data)
    .data                                    0x1ffff020   Section       20  profile.o(.data)
    .data                                    0x1ffff034   Section        4  system_mkl25z4.o(.data)
    .data                                    0x1ffff038   Section        4  errno.o(.data)
    _errno                                   0x1ffff038   Data           4  errno.o(.data)
    .bss                                     0x1ffff03c   Section      536  uart.o(.bss)
    .bss                                     0x1ffff254   Section      608  region.o(.bss)
    STACK                                    0x1ffff4b8   Section     1024  startup_mkl25z4.o(STACK)

    Global Symbols

    Symbol Name                              Value     Ov Type        Size  Object(Section)

    BuildAttributes$$THM_ISAv3M$S$PE$A:L22$X:L11$S22$IEEE1$IW$USESV6$~STKCKD$USESV7$~SHL$OTIME$ROPI$IEEEX$EBA8$MICROLIB$REQ8$PRES8$EABIv2 0x00000000   Number         0  anon$$obj.o ABSOLUTE
    __ARM_use_no_argv                        0x00000000   Number         0  main.o ABSOLUTE
    __Vectors                                0x00000000   Data           4  startup_mkl25z4.o(RESET)
    _printf_a                                0x00000000   Number         0  stubs.o ABSOLUTE
    _printf_c                                0x00000000   Number         0  stubs.o ABSOLUTE
    _printf_charcount                        0x00000000   Number         0  stubs.o ABSOLUTE
    _printf_d                                0x00000000   Number         0  stubs.o ABSOLUTE
    _printf_e                                0x00000000   Number         0  stubs.o ABSOLUTE
    _printf_f                                0x00000000   Number         0  stubs.o ABSOLUTE
    _printf_flags                            0x00000000   Number         0  stubs.o ABSOLUTE
    _printf_fp_dec                           0x00000000   Number         0  stubs.o ABSOLUTE
    _printf_fp_hex                           0x00000000   Number         0  stubs.o ABSOLUTE
    _printf_g                                0x00000000   Number         0  stubs.o ABSOLUTE
    _printf_i                                0x00000000   Number         0  stubs.o ABSOLUTE
    _printf_int_dec                          0x00000000   Number         0  stubs.o ABSOLUTE
    _printf_l                                0x00000000   Number         0  stubs.o ABSOLUTE
    _printf_lc                               0x00000000   Number         0  stubs.o ABSOLUTE
    _printf_ll                               0x00000000   Number         0  stubs.o ABSOLUTE
    _printf_lld                              0x00000000   Number         0  stubs.o ABSOLUTE
    _printf_lli                              0x00000000   Number         0  stubs.o ABSOLUTE
    _printf_llo                              0x00000000   Number         0  stubs.o ABSOLUTE
    _printf_llu                              0x00000000   Number         0  stubs.o ABSOLUTE
    _printf_llx                              0x00000000   Number         0  stubs.o ABSOLUTE
    _printf_longlong_dec                     0x00000000   Number         0  stubs.o ABSOLUTE
    _printf_longlong_hex                     0x00000000   Number         0  stubs.o ABSOLUTE
    _printf_longlong_oct                     0x00000000   Number         0  stubs.o ABSOLUTE
    _printf_ls                               0x00000000   Number         0  stubs.o ABSOLUTE
    _printf_mbtowc                           0x00000000   Number         0  stubs.o ABSOLUTE
    _printf_n                                0x00000000   Number         0  stubs.o ABSOLUTE
    _printf_o                                0x00000000   Number         0  stubs.o ABSOLUTE
    _printf_p                                0x00000000   Number         0  stubs.o ABSOLUTE
    _printf_percent                          0x00000000   Number         0  stubs.o ABSOLUTE
    _printf_pre_padding                      0x00000000   Number         0  stubs.o ABSOLUTE
    _printf_return_value                     0x00000000   Number         0  stubs.o ABSOLUTE
    _printf_s                                0x00000000   Number         0  stubs.o ABSOLUTE
    _printf_sizespec                         0x00000000   Number         0  stubs.o ABSOLUTE
    _printf_str                              0x00000000   Number         0  stubs.o ABSOLUTE
    _printf_truncate_signed                  0x00000000   Number         0  stubs.o ABSOLUTE
    _printf_truncate_unsigned                0x00000000   Number         0  stubs.o ABSOLUTE
    _printf_u                                0x00000000   Number         0  stubs.o ABSOLUTE
    _printf_wc                               0x00000000   Number         0  stubs.o ABSOLUTE
    _printf_wctomb                           0x00000000   Number         0  stubs.o ABSOLUTE
    _printf_widthprec                        0x00000000   Number         0  stubs.o ABSOLUTE
    _printf_x                                0x00000000   Number         0  stubs.o ABSOLUTE
    __cpp_initialize__aeabi_                  - Undefined Weak Reference
    __cxa_finalize                            - Undefined Weak Reference
    __decompress                              - Undefined Weak Reference
    _clock_init                               - Undefined Weak Reference
    _microlib_exit                            - Undefined Weak Reference
    __Vectors_End                            0x000000c0   Data           0  startup_mkl25z4.o(RESET)
    __Vectors_Size                           0x000000c0   Number         0  startup_mkl25z4.o ABSOLUTE
    __main                                   0x000000c1   Thumb Code     0  entry.o(.ARM.Collect$$$$00000000)
    _main_stk                                0x000000c1   Thumb Code     0  entry2.o(.ARM.Collect$$$$00000001)
    _main_scatterload                        0x000000c5   Thumb Code     0  entry5.o(.ARM.Collect$$$$00000004)
    __main_after_scatterload                 0x000000c9   Thumb Code     0  entry5.o(.ARM.Collect$$$$00000004)
    _main_clock                              0x000000c9   Thumb Code     0  entry7b.o(.ARM.Collect$$$$00000008)
    _main_cpp_init                           0x000000c9   Thumb Code     0  entry8b.o(.ARM.Collect$$$$0000000A)
    _main_init                               0x000000c9   Thumb Code     0  entry9a.o(.ARM.Collect$$$$0000000B)
    __rt_final_cpp                           0x000000d1   Thumb Code     0  entry10a.o(.ARM.Collect$$$$0000000D)
    __rt_final_exit                          0x000000d1   Thumb Code     0  entry11a.o(.ARM.Collect$$$$0000000F)
    Reset_Handler                            0x000000d5   Thumb Code    12  startup_mkl25z4.o(.text)
    NMI_Handler                              0x000000e1   Thumb Code     2  startup_mkl25z4.o(.text)
    HardFault_Handler                        0x000000e3   Thumb Code     2  startup_mkl25z4.o(.text)
    SVC_Handler                              0x000000e5   Thumb Code     2  startup_mkl25z4.o(.text)
    PendSV_Handler                           0x000000e7   Thumb Code     2  startup_mkl25z4.o(.text)
    SysTick_Handler                          0x000000e9   Thumb Code     2  startup_mkl25z4.o(.text)
    ADC0_IRQHandler                          0x000000eb   Thumb Code     0  startup_mkl25z4.o(.text)
    CMP0_IRQHandler                          0x000000eb   Thumb Code     0  startup_mkl25z4.o(.text)
    DAC0_IRQHandler                          0x000000eb   Thumb Code     0  startup_mkl25z4.o(.text)
    DMA0_IRQHandler                          0x000000eb   Thumb Code     0  startup_mkl25z4.o(.text)
    DMA1_IRQHandler                          0x000000eb   Thumb Code     0  startup_mkl25z4.o(.text)
    DMA2_IRQHandler                          0x000000eb   Thumb Code     0  startup_mkl25z4.o(.text)
    DMA3_IRQHandler                          0x000000eb   Thumb Code     0  startup_mkl25z4.o(.text)
    DefaultISR                               0x000000eb   Thumb Code     0  startup_mkl25z4.o(.text)
    FTFA_IRQHandler                          0x000000eb   Thumb Code     0  startup_mkl25z4.o(.text)
    I2C0_IRQHandler                          0x000000eb   Thumb Code     0  startup_mkl25z4.o(.text)
    I2C1_IRQHandler                          0x000000eb   Thumb Code     0  startup_mkl25z4.o(.text)
    LLWU_IRQHandler                          0x000000eb   Thumb Code     0  startup_mkl25z4.o(.text)
    LPTMR0_IRQHandler                        0x000000eb   Thumb Code     0  startup_mkl25z4.o(.text)
    LVD_LVW_IRQHandler                       0x000000eb   Thumb Code     0  startup_mkl25z4.o(.text)
    MCG_IRQHandler                           0x000000eb   Thumb Code     0  startup_mkl25z4.o(.text)
    PORTA_IRQHandler                         0x000000eb   Thumb Code     0  startup_mkl25z4.o(.text)
    PORTD_IRQHandler                         0x000000eb   Thumb Code     0  startup_mkl25z4.o(.text)
    RTC_IRQHandler                           0x000000eb   Thumb Code     0  startup_mkl25z4.o(.text)
    RTC_Seconds_IRQHandler                   0x000000eb   Thumb Code     0  startup_mkl25z4.o(.text)
    Reserved20_IRQHandler                    0x000000eb   Thumb Code     0  startup_mkl25z4.o(.text)
    Reserved39_IRQHandler                    0x000000eb   Thumb Code     0  startup_mkl25z4.o(.text)
    Reserved45_IRQHandler                    0x000000eb   Thumb Code     0  startup_mkl25z4.o(.text)
    SPI0_IRQHandler                          0x000000eb   Thumb Code     0  startup_mkl25z4.o(.text)
    SPI1_IRQHandler                          0x000000eb   Thumb Code     0  startup_mkl25z4.o(.text)
    TPM1_IRQHandler                          0x000000eb   Thumb Code     0  startup_mkl25z4.o(.text)
    TPM2_IRQHandler                          0x000000eb   Thumb Code     0  startup_mkl25z4.o(.text)
    TSI0_IRQHandler                          0x000000eb   Thumb Code     0  startup_mkl25z4.o(.text)
    UART1_IRQHandler                         0x000000eb   Thumb Code     0  startup_mkl25z4.o(.text)
    UART2_IRQHandler                         0x000000eb   Thumb Code     0  startup_mkl25z4.o(.text)
    USB0_IRQHandler                          0x000000eb   Thumb Code     0  startup_mkl25z4.o(.text)
    __aeabi_uidiv                            0x000000fd   Thumb Code     0  uidiv.o(.text)
    __aeabi_uidivmod                         0x000000fd   Thumb Code    44  uidiv.o(.text)
    __aeabi_fadd                             0x00000129   Thumb Code   162  fadd.o(.text)
    __aeabi_fsub                             0x000001cb   Thumb Code     8  fadd.o(.text)
    __aeabi_frsub                            0x000001d3   Thumb Code     8  fadd.o(.text)
    __aeabi_fmul                             0x000001db   Thumb Code   122  fmul.o(.text)
    __aeabi_dadd                             0x00000255   Thumb Code   328  dadd.o(.text)
    __aeabi_dsub                             0x0000039d   Thumb Code    12  dadd.o(.text)
    __aeabi_drsub                            0x000003a9   Thumb Code    12  dadd.o(.text)
    __aeabi_i2d                              0x000003b9   Thumb Code    34  dflti.o(.text)
    __aeabi_ui2d                             0x000003e1   Thumb Code    24  dfltui.o(.text)
    __I$use$fp                               0x000003fd   Thumb Code     0  iusefp.o(.text)
    __scatterload_null                       0x000003fd   Thumb Code     2  handlers.o(i.__scatterload_null)
    __aeabi_dmul                             0x00000411   Thumb Code   202  dmul.o(.text)
    __aeabi_ddiv                             0x000004e1   Thumb Code   234  ddiv.o(.text)
    __aeabi_d2uiz                            0x000005d1   Thumb Code    50  dfixui.o(.text)
    __aeabi_f2d                              0x0000060d   Thumb Code    40  f2d.o(.text)
    __aeabi_d2f                              0x00000635   Thumb Code    56  d2f.o(.text)
    __aeabi_uldivmod                         0x0000066d   Thumb Code    96  uldiv.o(.text)
    __aeabi_llsl                             0x000006cd   Thumb Code    32  llshl.o(.text)
    _ll_shift_l                              0x000006cd   Thumb Code     0  llshl.o(.text)
    __aeabi_llsr                             0x000006ed   Thumb Code    34  llushr.o(.text)
    _ll_ushift_r                             0x000006ed   Thumb Code     0  llushr.o(.text)
    __aeabi_lasr                             0x0000070f   Thumb Code    38  llsshr.o(.text)
    _ll_sshift_r                             0x0000070f   Thumb Code     0  llsshr.o(.text)
    _float_round                             0x00000735   Thumb Code    16  fepilogue.o(.text)
    _float_epilogue                          0x00000745   Thumb Code   114  fepilogue.o(.text)
    _double_round                            0x000007b7   Thumb Code    26  depilogue.o(.text)
    _double_epilogue                         0x000007d1   Thumb Code   164  depilogue.o(.text)
    _dsqrt                                   0x00000875   Thumb Code   162  dsqrt.o(.text)
    __scatterload                            0x00000919   Thumb Code    28  init.o(.text)
    __scatterload_rt2                        0x00000919   Thumb Code     0  init.o(.text)
    __ARM_scalbn                             0x0000093d   Thumb Code    44  dscalb.o(.text)
    scalbn                                   0x0000093d   Thumb Code     0  dscalb.o(.text)
    Control_RGB_LEDs                         0x00000969   Thumb Code    70  leds.o(i.Control_RGB_LEDs)
    Delay                                    0x000009b5   Thumb Code    24  delay.o(i.Delay)
    Disable_Profiling                        0x000009d1   Thumb Code     8  profile.o(i.Disable_Profiling)
    Enable_Profiling                         0x000009dd   Thumb Code     8  profile.o(i.Enable_Profiling)
    Init_Profiling                           0x000009e9   Thumb Code    76  profile.o(i.Init_Profiling)
    Init_RGB_LEDs                            0x00000a49   Thumb Code   124  leds.o(i.Init_RGB_LEDs)
    Init_UART0                               0x00000ad5   Thumb Code   212  uart.o(i.Init_UART0)
    PIT_IRQHandler                           0x00000bbd   Thumb Code    66  pit.o(i.PIT_IRQHandler)
    PIT_Init                                 0x00000c09   Thumb Code   126  pit.o(i.PIT_Init)
    PIT_Start                                0x00000c9d   Thumb Code    14  pit.o(i.PIT_Start)
    Process_Profile_Sample                   0x00000cb1   Thumb Code    94  profile.o(i.Process_Profile_Sample)
    Q_Dequeue                                0x00000d21   Thumb Code    76  queue.o(i.Q_Dequeue)
    Q_Empty                                  0x00000d6d   Thumb Code    16  queue.o(i.Q_Empty)
    Q_Enqueue                                0x00000d7d   Thumb Code    68  queue.o(i.Q_Enqueue)
    Q_Full                                   0x00000dc1   Thumb Code    20  queue.o(i.Q_Full)
    Serial_Print_Sorted_Profile              0x00000dd5   Thumb Code    68  profile.o(i.Serial_Print_Sorted_Profile)
    Sort_Profile_Regions                     0x00000e6d   Thumb Code   152  profile.o(i.Sort_Profile_Regions)
    SystemInit                               0x00000f15   Thumb Code   266  system_mkl25z4.o(i.SystemInit)
    TPM0_IRQHandler                          0x0000104d   Thumb Code    12  timers.o(i.TPM0_IRQHandler)
    UART0_IRQHandler                         0x0000105d   Thumb Code   122  uart.o(i.UART0_IRQHandler)
    __0printf$5                              0x000010e5   Thumb Code    24  printf5.o(i.__0printf$5)
    __1printf$5                              0x000010e5   Thumb Code     0  printf5.o(i.__0printf$5)
    __2printf                                0x000010e5   Thumb Code     0  printf5.o(i.__0printf$5)
    __ARM_clz                                0x00001105   Thumb Code    46  depilogue.o(i.__ARM_clz)
    __ARM_fpclassify                         0x00001135   Thumb Code    40  fpclassify.o(i.__ARM_fpclassify)
    __kernel_poly                            0x000011d9   Thumb Code   172  poly.o(i.__kernel_poly)
    __mathlib_dbl_infnan                     0x00001285   Thumb Code    10  dunder.o(i.__mathlib_dbl_infnan)
    __mathlib_dbl_infnan2                    0x0000128f   Thumb Code     8  dunder.o(i.__mathlib_dbl_infnan2)
    __mathlib_dbl_underflow                  0x00001299   Thumb Code    14  dunder.o(i.__mathlib_dbl_underflow)
    __scatterload_copy                       0x000012ad   Thumb Code    14  handlers.o(i.__scatterload_copy)
    __scatterload_zeroinit                   0x000012bb   Thumb Code    14  handlers.o(i.__scatterload_zeroinit)
    __set_errno                              0x000012c9   Thumb Code     6  errno.o(i.__set_errno)
    atan                                     0x000015b1   Thumb Code   472  atan.o(i.atan)
    atan2                                    0x000017cd   Thumb Code   334  atan2.o(i.atan2)
    convert_xyz_to_roll_pitch                0x00001945   Thumb Code   260  mma8451.o(i.convert_xyz_to_roll_pitch)
    fputc                                    0x00001a6d   Thumb Code    32  uart.o(i.fputc)
    i2c_busy                                 0x00001a91   Thumb Code   264  i2c.o(i.i2c_busy)
    i2c_init                                 0x00001ba5   Thumb Code    86  i2c.o(i.i2c_init)
    i2c_read_byte                            0x00001c09   Thumb Code   120  i2c.o(i.i2c_read_byte)
    i2c_wait                                 0x00001c85   Thumb Code    72  i2c.o(i.i2c_wait)
    i2c_write_byte                           0x00001cd5   Thumb Code    68  i2c.o(i.i2c_write_byte)
    init_mma                                 0x00001d1d   Thumb Code    54  mma8451.o(i.init_mma)
    main                                     0x00001d55   Thumb Code   122  main.o(i.main)
    read_xyz                                 0x00001e11   Thumb Code    52  mma8451.o(i.read_xyz)
    sqrt                                     0x00001e51   Thumb Code    66  sqrt.o(i.sqrt)
    RegionTable                              0x00001e98   Data        2432  region.o(.constdata)
    NumProfileRegions                        0x00002818   Data           4  region.o(.constdata)
    __mathlib_zero                           0x000028b8   Data           8  qnan.o(.constdata)
    Region$$Table$$Base                      0x000028c0   Number         0  anon$$obj.o(Region$$Table)
    Region$$Table$$Limit                     0x000028e0   Number         0  anon$$obj.o(Region$$Table)
    acc_X                                    0x1ffff000   Data           2  mma8451.o(.data)
    acc_Y                                    0x1ffff002   Data           2  mma8451.o(.data)
    acc_Z                                    0x1ffff004   Data           2  mma8451.o(.data)
    roll                                     0x1ffff008   Data           4  mma8451.o(.data)
    pitch                                    0x1ffff00c   Data           4  mma8451.o(.data)
    lock_detect                              0x1ffff010   Data           4  i2c.o(.data)
    i2c_lock                                 0x1ffff014   Data           4  i2c.o(.data)
    __stdout                                 0x1ffff018   Data           4  uart.o(.data)
    __stdin                                  0x1ffff01c   Data           4  uart.o(.data)
    profiling_enabled                        0x1ffff020   Data           1  profile.o(.data)
    adx_lost                                 0x1ffff024   Data           4  profile.o(.data)
    num_lost                                 0x1ffff028   Data           4  profile.o(.data)
    profile_samples                          0x1ffff02c   Data           4  profile.o(.data)
    PC_val                                   0x1ffff030   Data           4  profile.o(.data)
    SystemCoreClock                          0x1ffff034   Data           4  system_mkl25z4.o(.data)
    TxQ                                      0x1ffff03c   Data         268  uart.o(.bss)
    RxQ                                      0x1ffff148   Data         268  uart.o(.bss)
    RegionCount                              0x1ffff254   Data         304  region.o(.bss)
    SortedRegions                            0x1ffff384   Data         304  region.o(.bss)
    __initial_sp                             0x1ffff8b8   Data           0  startup_mkl25z4.o(STACK)



==============================================================================

Memory Map of the image

  Image Entry point : 0x000000c1

  Load Region LR_IROM1 (Base: 0x00000000, Size: 0x0000291c, Max: 0x00020000, ABSOLUTE)

    Execution Region ER_IROM1 (Exec base: 0x00000000, Load base: 0x00000000, Size: 0x000028e0, Max: 0x00020000, ABSOLUTE)

    Exec Addr    Load Addr    Size         Type   Attr      Idx    E Section Name        Object

    0x00000000   0x00000000   0x000000c0   Data   RO          897    RESET               startup_mkl25z4.o
    0x000000c0   0x000000c0   0x00000000   Code   RO          955  * .ARM.Collect$$$$00000000  mc_p.l(entry.o)
    0x000000c0   0x000000c0   0x00000004   Code   RO         1272    .ARM.Collect$$$$00000001  mc_p.l(entry2.o)
    0x000000c4   0x000000c4   0x00000004   Code   RO         1275    .ARM.Collect$$$$00000004  mc_p.l(entry5.o)
    0x000000c8   0x000000c8   0x00000000   Code   RO         1277    .ARM.Collect$$$$00000008  mc_p.l(entry7b.o)
    0x000000c8   0x000000c8   0x00000000   Code   RO         1279    .ARM.Collect$$$$0000000A  mc_p.l(entry8b.o)
    0x000000c8   0x000000c8   0x00000008   Code   RO         1280    .ARM.Collect$$$$0000000B  mc_p.l(entry9a.o)
    0x000000d0   0x000000d0   0x00000000   Code   RO         1282    .ARM.Collect$$$$0000000D  mc_p.l(entry10a.o)
    0x000000d0   0x000000d0   0x00000000   Code   RO         1284    .ARM.Collect$$$$0000000F  mc_p.l(entry11a.o)
    0x000000d0   0x000000d0   0x00000004   Code   RO         1273    .ARM.Collect$$$$00002712  mc_p.l(entry2.o)
    0x000000d4   0x000000d4   0x00000028   Code   RO          899    .text               startup_mkl25z4.o
    0x000000fc   0x000000fc   0x0000002c   Code   RO          958    .text               mc_p.l(uidiv.o)
    0x00000128   0x00000128   0x000000b2   Code   RO         1223    .text               mf_p.l(fadd.o)
    0x000001da   0x000001da   0x0000007a   Code   RO         1225    .text               mf_p.l(fmul.o)
    0x00000254   0x00000254   0x00000164   Code   RO         1229    .text               mf_p.l(dadd.o)
    0x000003b8   0x000003b8   0x00000028   Code   RO         1235    .text               mf_p.l(dflti.o)
    0x000003e0   0x000003e0   0x0000001c   Code   RO         1237    .text               mf_p.l(dfltui.o)
    0x000003fc   0x000003fc   0x00000000   Code   RO         1301    .text               mc_p.l(iusefp.o)
    0x000003fc   0x000003fc   0x00000002   Code   RO         1327    i.__scatterload_null  mc_p.l(handlers.o)
    0x000003fe   0x000003fe   0x00000002   PAD
    0x00000400   0x00000400   0x00000010   Code   RO          898    .ARM.__at_0x400     startup_mkl25z4.o
    0x00000410   0x00000410   0x000000d0   Code   RO         1231    .text               mf_p.l(dmul.o)
    0x000004e0   0x000004e0   0x000000f0   Code   RO         1233    .text               mf_p.l(ddiv.o)
    0x000005d0   0x000005d0   0x0000003c   Code   RO         1239    .text               mf_p.l(dfixui.o)
    0x0000060c   0x0000060c   0x00000028   Code   RO         1241    .text               mf_p.l(f2d.o)
    0x00000634   0x00000634   0x00000038   Code   RO         1243    .text               mf_p.l(d2f.o)
    0x0000066c   0x0000066c   0x00000060   Code   RO         1286    .text               mc_p.l(uldiv.o)
    0x000006cc   0x000006cc   0x00000020   Code   RO         1288    .text               mc_p.l(llshl.o)
    0x000006ec   0x000006ec   0x00000022   Code   RO         1290    .text               mc_p.l(llushr.o)
    0x0000070e   0x0000070e   0x00000026   Code   RO         1292    .text               mc_p.l(llsshr.o)
    0x00000734   0x00000734   0x00000082   Code   RO         1302    .text               mf_p.l(fepilogue.o)
    0x000007b6   0x000007b6   0x000000be   Code   RO         1304    .text               mf_p.l(depilogue.o)
    0x00000874   0x00000874   0x000000a2   Code   RO         1308    .text               mf_p.l(dsqrt.o)
    0x00000916   0x00000916   0x00000002   PAD
    0x00000918   0x00000918   0x00000024   Code   RO         1320    .text               mc_p.l(init.o)
    0x0000093c   0x0000093c   0x0000002c   Code   RO         1322    .text               mf_p.l(dscalb.o)
    0x00000968   0x00000968   0x0000004c   Code   RO           54    i.Control_RGB_LEDs  leds.o
    0x000009b4   0x000009b4   0x0000001c   Code   RO            3    i.Delay             delay.o
    0x000009d0   0x000009d0   0x0000000c   Code   RO          490    i.Disable_Profiling  profile.o
    0x000009dc   0x000009dc   0x0000000c   Code   RO          491    i.Enable_Profiling  profile.o
    0x000009e8   0x000009e8   0x00000060   Code   RO          492    i.Init_Profiling    profile.o
    0x00000a48   0x00000a48   0x0000008c   Code   RO           55    i.Init_RGB_LEDs     leds.o
    0x00000ad4   0x00000ad4   0x000000e8   Code   RO          353    i.Init_UART0        uart.o
    0x00000bbc   0x00000bbc   0x0000004c   Code   RO          566    i.PIT_IRQHandler    pit.o
    0x00000c08   0x00000c08   0x00000094   Code   RO          567    i.PIT_Init          pit.o
    0x00000c9c   0x00000c9c   0x00000014   Code   RO          568    i.PIT_Start         pit.o
    0x00000cb0   0x00000cb0   0x00000070   Code   RO          493    i.Process_Profile_Sample  profile.o
    0x00000d20   0x00000d20   0x0000004c   Code   RO          437    i.Q_Dequeue         queue.o
    0x00000d6c   0x00000d6c   0x00000010   Code   RO          438    i.Q_Empty           queue.o
    0x00000d7c   0x00000d7c   0x00000044   Code   RO          439    i.Q_Enqueue         queue.o
    0x00000dc0   0x00000dc0   0x00000014   Code   RO          440    i.Q_Full            queue.o
    0x00000dd4   0x00000dd4   0x00000098   Code   RO          494    i.Serial_Print_Sorted_Profile  profile.o
    0x00000e6c   0x00000e6c   0x000000a8   Code   RO          495    i.Sort_Profile_Regions  profile.o
    0x00000f14   0x00000f14   0x00000138   Code   RO          908    i.SystemInit        system_mkl25z4.o
    0x0000104c   0x0000104c   0x00000010   Code   RO          299    i.TPM0_IRQHandler   timers.o
    0x0000105c   0x0000105c   0x00000088   Code   RO          357    i.UART0_IRQHandler  uart.o
    0x000010e4   0x000010e4   0x00000020   Code   RO         1095    i.__0printf$5       mc_p.l(printf5.o)
    0x00001104   0x00001104   0x0000002e   Code   RO         1306    i.__ARM_clz         mf_p.l(depilogue.o)
    0x00001132   0x00001132   0x00000002   PAD
    0x00001134   0x00001134   0x0000002c   Code   RO         1316    i.__ARM_fpclassify  m_ps.l(fpclassify.o)
    0x00001160   0x00001160   0x00000078   Code   RO          570    i.__NVIC_SetPriority  pit.o
    0x000011d8   0x000011d8   0x000000ac   Code   RO         1318    i.__kernel_poly     m_ps.l(poly.o)
    0x00001284   0x00001284   0x0000000a   Code   RO         1258    i.__mathlib_dbl_infnan  m_ps.l(dunder.o)
    0x0000128e   0x0000128e   0x00000008   Code   RO         1259    i.__mathlib_dbl_infnan2  m_ps.l(dunder.o)
    0x00001296   0x00001296   0x00000002   PAD
    0x00001298   0x00001298   0x00000014   Code   RO         1263    i.__mathlib_dbl_underflow  m_ps.l(dunder.o)
    0x000012ac   0x000012ac   0x0000000e   Code   RO         1326    i.__scatterload_copy  mc_p.l(handlers.o)
    0x000012ba   0x000012ba   0x0000000e   Code   RO         1328    i.__scatterload_zeroinit  mc_p.l(handlers.o)
    0x000012c8   0x000012c8   0x0000000c   Code   RO         1296    i.__set_errno       mc_p.l(errno.o)
    0x000012d4   0x000012d4   0x000002dc   Code   RO         1102    i._printf_core      mc_p.l(printf5.o)
    0x000015b0   0x000015b0   0x0000021c   Code   RO         1248    i.atan              m_ps.l(atan.o)
    0x000017cc   0x000017cc   0x00000178   Code   RO          940    i.atan2             m_ps.l(atan2.o)
    0x00001944   0x00001944   0x00000128   Code   RO          151    i.convert_xyz_to_roll_pitch  mma8451.o
    0x00001a6c   0x00001a6c   0x00000024   Code   RO          361    i.fputc             uart.o
    0x00001a90   0x00001a90   0x00000114   Code   RO          228    i.i2c_busy          i2c.o
    0x00001ba4   0x00001ba4   0x00000064   Code   RO          229    i.i2c_init          i2c.o
    0x00001c08   0x00001c08   0x0000007c   Code   RO          230    i.i2c_read_byte     i2c.o
    0x00001c84   0x00001c84   0x00000050   Code   RO          234    i.i2c_wait          i2c.o
    0x00001cd4   0x00001cd4   0x00000048   Code   RO          235    i.i2c_write_byte    i2c.o
    0x00001d1c   0x00001d1c   0x00000036   Code   RO          152    i.init_mma          mma8451.o
    0x00001d52   0x00001d52   0x00000002   PAD
    0x00001d54   0x00001d54   0x000000bc   Code   RO           86    i.main              main.o
    0x00001e10   0x00001e10   0x00000040   Code   RO          154    i.read_xyz          mma8451.o
    0x00001e50   0x00001e50   0x00000048   Code   RO          948    i.sqrt              m_ps.l(sqrt.o)
    0x00001e98   0x00001e98   0x00000984   Data   RO          552    .constdata          region.o
    0x0000281c   0x0000281c   0x00000004   PAD
    0x00002820   0x00002820   0x00000098   Data   RO         1249    .constdata          m_ps.l(atan.o)
    0x000028b8   0x000028b8   0x00000008   Data   RO         1271    .constdata          m_ps.l(qnan.o)
    0x000028c0   0x000028c0   0x00000020   Data   RO         1324    Region$$Table       anon$$obj.o


    Execution Region RW_IRAM1 (Exec base: 0x1ffff000, Load base: 0x000028e0, Size: 0x000008b8, Max: 0x00004000, ABSOLUTE)

    Exec Addr    Load Addr    Size         Type   Attr      Idx    E Section Name        Object

    0x1ffff000   0x000028e0   0x00000010   Data   RW          155    .data               mma8451.o
    0x1ffff010   0x000028f0   0x00000008   Data   RW          236    .data               i2c.o
    0x1ffff018   0x000028f8   0x00000008   Data   RW          363    .data               uart.o
    0x1ffff020   0x00002900   0x00000014   Data   RW          496    .data               profile.o
    0x1ffff034   0x00002914   0x00000004   Data   RW          909    .data               system_mkl25z4.o
    0x1ffff038   0x00002918   0x00000004   Data   RW         1297    .data               mc_p.l(errno.o)
    0x1ffff03c        -       0x00000218   Zero   RW          362    .bss                uart.o
    0x1ffff254        -       0x00000260   Zero   RW          551    .bss                region.o
    0x1ffff4b4   0x0000291c   0x00000004   PAD
    0x1ffff4b8        -       0x00000400   Zero   RW          895    STACK               startup_mkl25z4.o


==============================================================================

Image component sizes


      Code (inc. data)   RO Data    RW Data    ZI Data      Debug   Object Name

        28          4          0          0          0       5484   delay.o
       652         42          0          8          0       3221   i2c.o
       216         22          0          0          0       1163   leds.o
       188         66          0          0          0       1199   main.o
       414         48          0         16          0       2093   mma8451.o
       364         48          0          0          0      10420   pit.o
       552        146          0         20          0       4443   profile.o
       180          0          0          0          0       5979   queue.o
         0          0       2436          0        608       1306   region.o
        56         30        192          0       1024       1024   startup_mkl25z4.o
       312         46          0          4          0        987   system_mkl25z4.o
        16          4          0          0          0     212002   timers.o
       404         38          0          8        536       3758   uart.o

    ----------------------------------------------------------------------
      3384        494       2664         56       2172     253079   Object Totals
         0          0         32          0          0          0   (incl. Generated)
         2          0          4          0          4          0   (incl. Padding)

    ----------------------------------------------------------------------

      Code (inc. data)   RO Data    RW Data    ZI Data      Debug   Library Member Name

       540         68        152          0          0        112   atan.o
       376         42          0          0          0        144   atan2.o
        38          6          0          0          0        204   dunder.o
        44          4          0          0          0         60   fpclassify.o
       172          0          0          0          0         76   poly.o
         0          0          8          0          0          0   qnan.o
        72          6          0          0          0         76   sqrt.o
         0          0          0          0          0          0   entry.o
         0          0          0          0          0          0   entry10a.o
         0          0          0          0          0          0   entry11a.o
         8          4          0          0          0          0   entry2.o
         4          0          0          0          0          0   entry5.o
         0          0          0          0          0          0   entry7b.o
         0          0          0          0          0          0   entry8b.o
         8          4          0          0          0          0   entry9a.o
        12          6          0          4          0         60   errno.o
        30          0          0          0          0          0   handlers.o
        36          8          0          0          0         68   init.o
         0          0          0          0          0          0   iusefp.o
        32          0          0          0          0         68   llshl.o
        38          0          0          0          0         68   llsshr.o
        34          0          0          0          0         68   llushr.o
       764         52          0          0          0        168   printf5.o
        44          0          0          0          0         72   uidiv.o
        96          0          0          0          0         84   uldiv.o
        56          0          0          0          0         68   d2f.o
       356          4          0          0          0        140   dadd.o
       240          6          0          0          0         84   ddiv.o
       236          0          0          0          0        216   depilogue.o
        60         10          0          0          0         68   dfixui.o
        40          6          0          0          0         68   dflti.o
        28          4          0          0          0         68   dfltui.o
       208          6          0          0          0         88   dmul.o
        44          0          0          0          0         72   dscalb.o
       162          0          0          0          0         80   dsqrt.o
        40          0          0          0          0         60   f2d.o
       178          0          0          0          0        108   fadd.o
       130          0          0          0          0        144   fepilogue.o
       122          0          0          0          0         72   fmul.o

    ----------------------------------------------------------------------
      4256        236        160          4          0       2664   Library Totals
         8          0          0          0          0          0   (incl. Padding)

    ----------------------------------------------------------------------

      Code (inc. data)   RO Data    RW Data    ZI Data      Debug   Library Name

      1242        126        160          0          0        672   m_ps.l
      1106         74          0          4          0        656   mc_p.l
      1900         36          0          0          0       1336   mf_p.l

    ----------------------------------------------------------------------
      4256        236        160          4          0       2664   Library Totals

    ----------------------------------------------------------------------

==============================================================================


      Code (inc. data)   RO Data    RW Data    ZI Data      Debug   

      7640        730       2824         60       2172     253387   Grand Totals
      7640        730       2824         60       2172     253387   ELF Image Totals
      7640        730       2824         60          0          0   ROM Totals

==============================================================================

    Total RO  Size (Code + RO Data)                10464 (  10.22kB)
    Total RW  Size (RW Data + ZI Data)              2232 (   2.18kB)
    Total ROM Size (Code + RO Data + RW Data)      10524 (  10.28kB)

==============================================================================

